Component: Arm Compiler for Embedded 6.23 Tool: armlink [5f102400]

==============================================================================

Section Cross References

    startup_lks32mc07x.o(STACK) refers (Special) to heapauxi.o(.text) for __use_two_region_memory
    startup_lks32mc07x.o(HEAP) refers (Special) to heapauxi.o(.text) for __use_two_region_memory
    startup_lks32mc07x.o(RESET) refers (Special) to heapauxi.o(.text) for __use_two_region_memory
    startup_lks32mc07x.o(RESET) refers to startup_lks32mc07x.o(STACK) for __initial_sp
    startup_lks32mc07x.o(RESET) refers to startup_lks32mc07x.o(.text) for Reset_Handler
    startup_lks32mc07x.o(RESET) refers to interrupt.o(.text.HardFault_Handler) for HardFault_Handler
    startup_lks32mc07x.o(RESET) refers to interrupt.o(.text.TIMER0_IRQHandler) for TIMER0_IRQHandler
    startup_lks32mc07x.o(RESET) refers to interrupt.o(.text.HALL0_IRQHandler) for HALL0_IRQHandler
    startup_lks32mc07x.o(RESET) refers to interrupt.o(.text.UART1_IRQHandler) for UART1_IRQHandler
    startup_lks32mc07x.o(RESET) refers to interrupt.o(.text.ADC0_IRQHandler) for ADC0_IRQHandler
    startup_lks32mc07x.o(RESET) refers to interrupt.o(.text.MCPWM0_IRQHandler) for MCPWM0_IRQHandler
    startup_lks32mc07x.o(RESET) refers to interrupt.o(.text.DMA0_IRQHandler) for DMA0_IRQHandler
    startup_lks32mc07x.o(.text) refers (Special) to heapauxi.o(.text) for __use_two_region_memory
    startup_lks32mc07x.o(.text) refers to startup_lks32mc07x.o(STACK) for __initial_sp
    startup_lks32mc07x.o(.text) refers to hardware_init.o(.text.SystemInit) for SystemInit
    startup_lks32mc07x.o(.text) refers to __main.o(!!!main) for __main
    startup_lks32mc07x.o(.text) refers to startup_lks32mc07x.o(HEAP) for Heap_Mem
    lks32mc07x_adc.o(.text.ADC_Init) refers to lks32mc07x_sys.o(.text.SYS_AnalogModuleClockCmd) for SYS_AnalogModuleClockCmd
    lks32mc07x_adc.o(.text.ADC_Init) refers to lks32mc07x_nvr.o16(.text.Read_Trim) for Read_Trim
    lks32mc07x_adc.o(.ARM.exidx.text.ADC_Init) refers to lks32mc07x_adc.o(.text.ADC_Init) for [Anonymous Symbol]
    lks32mc07x_adc.o(.ARM.exidx.text.ADC_StructInit) refers to lks32mc07x_adc.o(.text.ADC_StructInit) for [Anonymous Symbol]
    lks32mc07x_adc.o(.ARM.exidx.text.ADC_ClearIRQFlag) refers to lks32mc07x_adc.o(.text.ADC_ClearIRQFlag) for [Anonymous Symbol]
    lks32mc07x_adc.o(.ARM.exidx.text.ADC_GetIRQFlag) refers to lks32mc07x_adc.o(.text.ADC_GetIRQFlag) for [Anonymous Symbol]
    lks32mc07x_adc.o(.ARM.exidx.text.ADC_CHN_GAIN_CFG) refers to lks32mc07x_adc.o(.text.ADC_CHN_GAIN_CFG) for [Anonymous Symbol]
    lks32mc07x_adc.o(.ARM.exidx.text.ADC_GetConversionValue) refers to lks32mc07x_adc.o(.text.ADC_GetConversionValue) for [Anonymous Symbol]
    lks32mc07x_adc.o(.ARM.exidx.text.ADC_SoftTrgEN) refers to lks32mc07x_adc.o(.text.ADC_SoftTrgEN) for [Anonymous Symbol]
    lks32mc07x_can.o(.text.CAN_Init1) refers to lks32mc07x_can.o(.text.GetBaudParam) for GetBaudParam
    lks32mc07x_can.o(.ARM.exidx.text.CAN_Init1) refers to lks32mc07x_can.o(.text.CAN_Init1) for [Anonymous Symbol]
    lks32mc07x_can.o(.ARM.exidx.text.GetBaudParam) refers to lks32mc07x_can.o(.text.GetBaudParam) for [Anonymous Symbol]
    lks32mc07x_can.o(.ARM.exidx.text.CAN_StructInit) refers to lks32mc07x_can.o(.text.CAN_StructInit) for [Anonymous Symbol]
    lks32mc07x_can.o(.ARM.exidx.text.CAN_Init) refers to lks32mc07x_can.o(.text.CAN_Init) for [Anonymous Symbol]
    lks32mc07x_can.o(.text.CAN_Send) refers to lks32mc07x_can.o(.text.CAN_Write_TBUF) for CAN_Write_TBUF
    lks32mc07x_can.o(.text.CAN_Send) refers to lks32mc07x_can.o(.text.Delay) for Delay
    lks32mc07x_can.o(.ARM.exidx.text.CAN_Send) refers to lks32mc07x_can.o(.text.CAN_Send) for [Anonymous Symbol]
    lks32mc07x_can.o(.ARM.exidx.text.CAN_Write_TBUF) refers to lks32mc07x_can.o(.text.CAN_Write_TBUF) for [Anonymous Symbol]
    lks32mc07x_can.o(.ARM.exidx.text.Delay) refers to lks32mc07x_can.o(.text.Delay) for [Anonymous Symbol]
    lks32mc07x_can.o(.text.My_CAN_Send_Msg) refers to lks32mc07x_can.o(.text.CAN_Send) for CAN_Send
    lks32mc07x_can.o(.ARM.exidx.text.My_CAN_Send_Msg) refers to lks32mc07x_can.o(.text.My_CAN_Send_Msg) for [Anonymous Symbol]
    lks32mc07x_can.o(.text.CAN_Send_Trig) refers to lks32mc07x_can.o(.text.Delay) for Delay
    lks32mc07x_can.o(.ARM.exidx.text.CAN_Send_Trig) refers to lks32mc07x_can.o(.text.CAN_Send_Trig) for [Anonymous Symbol]
    lks32mc07x_can.o(.ARM.exidx.text.CAN_Send_Cancel) refers to lks32mc07x_can.o(.text.CAN_Send_Cancel) for [Anonymous Symbol]
    lks32mc07x_can.o(.ARM.exidx.text.CAN_Recv) refers to lks32mc07x_can.o(.text.CAN_Recv) for [Anonymous Symbol]
    lks32mc07x_can.o(.text.CAN_Receive_Msg) refers to lks32mc07x_can.o(.text.CAN_Recv) for CAN_Recv
    lks32mc07x_can.o(.ARM.exidx.text.CAN_Receive_Msg) refers to lks32mc07x_can.o(.text.CAN_Receive_Msg) for [Anonymous Symbol]
    lks32mc07x_can.o(.text.IDx_Filter) refers to lks32mc07x_can.o(.text.Delay) for Delay
[...]
    STACK                                    0x20000908   Section     1024  startup_lks32mc07x.o(STACK)
    __initial_sp                             0x20000d08   Data           0  startup_lks32mc07x.o(STACK)

    Global Symbols

    Symbol Name                              Value     Ov Type        Size  Object(Section)

    BuildAttributes$$THM_ISAv3M$S$PE$A:L22$X:L11$S22$IEEE1$IW$~IW$USESV6$~STKCKD$USESV7$~SHL$OTIME$ROPI$IEEEX$EBA8$UX$STANDARDLIB$REQ8$PRES8$EABIv2 0x00000000   Number         0  anon$$obj.o ABSOLUTE
    __Vectors                                0x00000000   Data           4  startup_lks32mc07x.o(RESET)
    _printf_flags                            0x00000000   Number         0  printf_stubs.o ABSOLUTE
    _printf_return_value                     0x00000000   Number         0  printf_stubs.o ABSOLUTE
    _printf_sizespec                         0x00000000   Number         0  printf_stubs.o ABSOLUTE
    _printf_widthprec                        0x00000000   Number         0  printf_stubs.o ABSOLUTE
    __ARM_exceptions_init                     - Undefined Weak Reference
    __alloca_initialize                       - Undefined Weak Reference
    __arm_preinit_                            - Undefined Weak Reference
    __arm_relocate_pie_                       - Undefined Weak Reference
    __cpp_initialize__aeabi_                  - Undefined Weak Reference
    __cxa_finalize                            - Undefined Weak Reference
    __sigvec_lookup                           - Undefined Weak Reference
    _atexit_init                              - Undefined Weak Reference
    _call_atexit_fns                          - Undefined Weak Reference
    _clock_init                               - Undefined Weak Reference
    _fp_trap_big                              - Undefined Weak Reference
    _fp_trap_init                             - Undefined Weak Reference
    _fp_trap_shutdown                         - Undefined Weak Reference
    _get_lc_collate                           - Undefined Weak Reference
    _get_lc_monetary                          - Undefined Weak Reference
    _get_lc_time                              - Undefined Weak Reference
    _getenv_init                              - Undefined Weak Reference
    _handle_redirection                       - Undefined Weak Reference
    _init_alloc                               - Undefined Weak Reference
    _init_user_alloc                          - Undefined Weak Reference
    _initio                                   - Undefined Weak Reference
    _printf_mbtowc                            - Undefined Weak Reference
    _printf_wc                                - Undefined Weak Reference
    _rand_init                                - Undefined Weak Reference
    _signal_finish                            - Undefined Weak Reference
    _signal_init                              - Undefined Weak Reference
    _terminate_alloc                          - Undefined Weak Reference
    _terminate_user_alloc                     - Undefined Weak Reference
    _terminateio                              - Undefined Weak Reference
    __Vectors_End                            0x000000c0   Data           0  startup_lks32mc07x.o(RESET)
    __Vectors_Size                           0x000000c0   Number         0  startup_lks32mc07x.o ABSOLUTE
    __main                                   0x000000c1   Thumb Code     8  __main.o(!!!main)
    __scatterload                            0x000000c9   Thumb Code     0  __scatter.o(!!!scatter)
    __scatterload_rt2                        0x000000c9   Thumb Code    74  __scatter.o(!!!scatter)
    __scatterload_rt2_thumb_only             0x000000c9   Thumb Code     0  __scatter.o(!!!scatter)
    __scatterload_loop                       0x000000d3   Thumb Code     0  __scatter.o(!!!scatter)
    __scatterload_copy                       0x0000011d   Thumb Code    26  __scatter_copy.o(!!handler_copy)
    __scatterload_null                       0x00000139   Thumb Code     2  __scatter.o(!!handler_null)
    __scatterload_zeroinit                   0x0000013d   Thumb Code    28  __scatter_zi.o(!!handler_zi)
    _printf_percent                          0x00000159   Thumb Code     0  _printf_percent.o(.ARM.Collect$$_printf_percent$$00000000)
    _printf_n                                0x0000015b   Thumb Code     0  _printf_n.o(.ARM.Collect$$_printf_percent$$00000001)
    _printf_p                                0x00000165   Thumb Code     0  _printf_p.o(.ARM.Collect$$_printf_percent$$00000002)
    _printf_f                                0x0000016f   Thumb Code     0  _printf_f.o(.ARM.Collect$$_printf_percent$$00000003)
    _printf_e                                0x00000179   Thumb Code     0  _printf_e.o(.ARM.Collect$$_printf_percent$$00000004)
    _printf_g                                0x00000183   Thumb Code     0  _printf_g.o(.ARM.Collect$$_printf_percent$$00000005)
    _printf_a                                0x0000018d   Thumb Code     0  _printf_a.o(.ARM.Collect$$_printf_percent$$00000006)
    _printf_ll                               0x00000197   Thumb Code     0  _printf_ll.o(.ARM.Collect$$_printf_percent$$00000007)
    _printf_i                                0x000001a1   Thumb Code     0  _printf_i.o(.ARM.Collect$$_printf_percent$$00000008)
    _printf_d                                0x000001ab   Thumb Code     0  _printf_d.o(.ARM.Collect$$_printf_percent$$00000009)
    _printf_u                                0x000001b5   Thumb Code     0  _printf_u.o(.ARM.Collect$$_printf_percent$$0000000A)
    _printf_o                                0x000001bf   Thumb Code     0  _printf_o.o(.ARM.Collect$$_printf_percent$$0000000B)
    _printf_x                                0x000001c9   Thumb Code     0  _printf_x.o(.ARM.Collect$$_printf_percent$$0000000C)
    _printf_lli                              0x000001d3   Thumb Code     0  _printf_lli.o(.ARM.Collect$$_printf_percent$$0000000D)
    _printf_lld                              0x000001dd   Thumb Code     0  _printf_lld.o(.ARM.Collect$$_printf_percent$$0000000E)
    _printf_llu                              0x000001e7   Thumb Code     0  _printf_llu.o(.ARM.Collect$$_printf_percent$$0000000F)
    _printf_llo                              0x000001f1   Thumb Code     0  _printf_llo.o(.ARM.Collect$$_printf_percent$$00000010)
    _printf_llx                              0x000001fb   Thumb Code     0  _printf_llx.o(.ARM.Collect$$_printf_percent$$00000011)
    _printf_l                                0x00000205   Thumb Code     0  _printf_l.o(.ARM.Collect$$_printf_percent$$00000012)
    _printf_c                                0x0000020f   Thumb Code     0  _printf_c.o(.ARM.Collect$$_printf_percent$$00000013)
    _printf_s                                0x00000219   Thumb Code     0  _printf_s.o(.ARM.Collect$$_printf_percent$$00000014)
    _printf_lc                               0x00000223   Thumb Code     0  _printf_lc.o(.ARM.Collect$$_printf_percent$$00000015)
    _printf_ls                               0x0000022d   Thumb Code     0  _printf_ls.o(.ARM.Collect$$_printf_percent$$00000016)
    _printf_percent_end                      0x00000237   Thumb Code     0  _printf_percent_end.o(.ARM.Collect$$_printf_percent$$00000017)
    __rt_lib_init                            0x0000023b   Thumb Code     0  libinit.o(.ARM.Collect$$libinit$$00000000)
    __rt_lib_init_fp_1                       0x0000023d   Thumb Code     0  libinit2.o(.ARM.Collect$$libinit$$00000001)
    __rt_lib_init_heap_1                     0x00000241   Thumb Code     0  libinit2.o(.ARM.Collect$$libinit$$0000000C)
    __rt_lib_init_lc_common                  0x00000241   Thumb Code     0  libinit2.o(.ARM.Collect$$libinit$$00000011)
    __rt_lib_init_preinit_1                  0x00000241   Thumb Code     0  libinit2.o(.ARM.Collect$$libinit$$00000006)
    __rt_lib_init_rand_1                     0x00000241   Thumb Code     0  libinit2.o(.ARM.Collect$$libinit$$00000010)
    __rt_lib_init_relocate_pie_1             0x00000241   Thumb Code     0  libinit2.o(.ARM.Collect$$libinit$$00000004)
    __rt_lib_init_user_alloc_1               0x00000241   Thumb Code     0  libinit2.o(.ARM.Collect$$libinit$$0000000E)
    __rt_lib_init_lc_collate_1               0x00000247   Thumb Code     0  libinit2.o(.ARM.Collect$$libinit$$00000013)
    __rt_lib_init_lc_ctype_2                 0x00000247   Thumb Code     0  libinit2.o(.ARM.Collect$$libinit$$00000014)
    __rt_lib_init_lc_ctype_1                 0x00000253   Thumb Code     0  libinit2.o(.ARM.Collect$$libinit$$00000015)
    __rt_lib_init_lc_monetary_1              0x00000253   Thumb Code     0  libinit2.o(.ARM.Collect$$libinit$$00000017)
    __rt_lib_init_lc_numeric_2               0x00000253   Thumb Code     0  libinit2.o(.ARM.Collect$$libinit$$00000018)
    __rt_lib_init_alloca_1                   0x0000025d   Thumb Code     0  libinit2.o(.ARM.Collect$$libinit$$00000030)
    __rt_lib_init_argv_1                     0x0000025d   Thumb Code     0  libinit2.o(.ARM.Collect$$libinit$$0000002E)
    __rt_lib_init_atexit_1                   0x0000025d   Thumb Code     0  libinit2.o(.ARM.Collect$$libinit$$0000001D)
    __rt_lib_init_clock_1                    0x0000025d   Thumb Code     0  libinit2.o(.ARM.Collect$$libinit$$00000023)
    __rt_lib_init_cpp_1                      0x0000025d   Thumb Code     0  libinit2.o(.ARM.Collect$$libinit$$00000034)
    __rt_lib_init_exceptions_1               0x0000025d   Thumb Code     0  libinit2.o(.ARM.Collect$$libinit$$00000032)
    __rt_lib_init_fp_trap_1                  0x0000025d   Thumb Code     0  libinit2.o(.ARM.Collect$$libinit$$00000021)
    __rt_lib_init_getenv_1                   0x0000025d   Thumb Code     0  libinit2.o(.ARM.Collect$$libinit$$00000025)
    __rt_lib_init_lc_numeric_1               0x0000025d   Thumb Code     0  libinit2.o(.ARM.Collect$$libinit$$00000019)
    __rt_lib_init_lc_time_1                  0x0000025d   Thumb Code     0  libinit2.o(.ARM.Collect$$libinit$$0000001B)
    __rt_lib_init_return                     0x0000025d   Thumb Code     0  libinit2.o(.ARM.Collect$$libinit$$00000035)
    __rt_lib_init_signal_1                   0x0000025d   Thumb Code     0  libinit2.o(.ARM.Collect$$libinit$$0000001F)
    __rt_lib_init_stdio_1                    0x0000025d   Thumb Code     0  libinit2.o(.ARM.Collect$$libinit$$00000027)
    __rt_lib_shutdown                        0x0000025f   Thumb Code     0  libshutdown.o(.ARM.Collect$$libshutdown$$00000000)
    __rt_lib_shutdown_cpp_1                  0x00000261   Thumb Code     0  libshutdown2.o(.ARM.Collect$$libshutdown$$00000002)
    __rt_lib_shutdown_fp_trap_1              0x00000261   Thumb Code     0  libshutdown2.o(.ARM.Collect$$libshutdown$$00000007)
    __rt_lib_shutdown_heap_1                 0x00000261   Thumb Code     0  libshutdown2.o(.ARM.Collect$$libshutdown$$0000000F)
    __rt_lib_shutdown_return                 0x00000261   Thumb Code     0  libshutdown2.o(.ARM.Collect$$libshutdown$$00000010)
    __rt_lib_shutdown_signal_1               0x00000261   Thumb Code     0  libshutdown2.o(.ARM.Collect$$libshutdown$$0000000A)
    __rt_lib_shutdown_stdio_1                0x00000261   Thumb Code     0  libshutdown2.o(.ARM.Collect$$libshutdown$$00000004)
    __rt_lib_shutdown_user_alloc_1           0x00000261   Thumb Code     0  libshutdown2.o(.ARM.Collect$$libshutdown$$0000000C)
    __rt_entry                               0x00000263   Thumb Code     0  __rtentry.o(.ARM.Collect$$rtentry$$00000000)
    __rt_entry_presh_1                       0x00000263   Thumb Code     0  __rtentry2.o(.ARM.Collect$$rtentry$$00000002)
    __rt_entry_sh                            0x00000263   Thumb Code     0  __rtentry4.o(.ARM.Collect$$rtentry$$00000004)
    __rt_entry_li                            0x00000269   Thumb Code     0  __rtentry2.o(.ARM.Collect$$rtentry$$0000000A)
    __rt_entry_postsh_1                      0x00000269   Thumb Code     0  __rtentry2.o(.ARM.Collect$$rtentry$$00000009)
    __rt_entry_main                          0x0000026d   Thumb Code     0  __rtentry2.o(.ARM.Collect$$rtentry$$0000000D)
    __rt_entry_postli_1                      0x0000026d   Thumb Code     0  __rtentry2.o(.ARM.Collect$$rtentry$$0000000C)
    __rt_exit                                0x00000275   Thumb Code     0  rtexit.o(.ARM.Collect$$rtexit$$00000000)
    __rt_exit_ls                             0x00000277   Thumb Code     0  rtexit2.o(.ARM.Collect$$rtexit$$00000003)
    __rt_exit_prels_1                        0x00000277   Thumb Code     0  rtexit2.o(.ARM.Collect$$rtexit$$00000002)
    __rt_exit_exit                           0x0000027b   Thumb Code     0  rtexit2.o(.ARM.Collect$$rtexit$$00000004)
    __aeabi_memcpy4                          0x00000281   Thumb Code    56  rt_memcpy.o(.emb_text)
    __aeabi_memcpy8                          0x00000281   Thumb Code     0  rt_memcpy.o(.emb_text)
    Reset_Handler                            0x000002b9   Thumb Code    14  startup_lks32mc07x.o(.text)
    NMI_Handler                              0x000002c7   Thumb Code     2  startup_lks32mc07x.o(.text)
    SVC_Handler                              0x000002cb   Thumb Code     2  startup_lks32mc07x.o(.text)
    PendSV_Handler                           0x000002cd   Thumb Code     2  startup_lks32mc07x.o(.text)
    SysTick_Handler                          0x000002cf   Thumb Code     2  startup_lks32mc07x.o(.text)
    ADC1_IRQHandler                          0x000002d1   Thumb Code     0  startup_lks32mc07x.o(.text)
    CAN0_IRQHandler                          0x000002d1   Thumb Code     0  startup_lks32mc07x.o(.text)
    CL0_IRQHandler                           0x000002d1   Thumb Code     0  startup_lks32mc07x.o(.text)
    CMP_IRQHandler                           0x000002d1   Thumb Code     0  startup_lks32mc07x.o(.text)
    DSP0_IRQHandler                          0x000002d1   Thumb Code     0  startup_lks32mc07x.o(.text)
    GPIO_IRQHandler                          0x000002d1   Thumb Code     0  startup_lks32mc07x.o(.text)
    I2C0_IRQHandler                          0x000002d1   Thumb Code     0  startup_lks32mc07x.o(.text)
    MCPWM1_IRQHandler                        0x000002d1   Thumb Code     0  startup_lks32mc07x.o(.text)
    PWRDN_IRQHandler                         0x000002d1   Thumb Code     0  startup_lks32mc07x.o(.text)
    QEP0_IRQHandler                          0x000002d1   Thumb Code     0  startup_lks32mc07x.o(.text)
    QEP1_IRQHandler                          0x000002d1   Thumb Code     0  startup_lks32mc07x.o(.text)
    SIF0_IRQHandler                          0x000002d1   Thumb Code     0  startup_lks32mc07x.o(.text)
    SPI0_IRQHandler                          0x000002d1   Thumb Code     0  startup_lks32mc07x.o(.text)
    SW_IRQHandler                            0x000002d1   Thumb Code     0  startup_lks32mc07x.o(.text)
    TIMER1_IRQHandler                        0x000002d1   Thumb Code     0  startup_lks32mc07x.o(.text)
    TIMER2_IRQHandler                        0x000002d1   Thumb Code     0  startup_lks32mc07x.o(.text)
    TIMER3_IRQHandler                        0x000002d1   Thumb Code     0  startup_lks32mc07x.o(.text)
    UART0_IRQHandler                         0x000002d1   Thumb Code     0  startup_lks32mc07x.o(.text)
    WAKE_IRQHandler                          0x000002d1   Thumb Code     0  startup_lks32mc07x.o(.text)
    __user_initial_stackheap                 0x000002d5   Thumb Code     0  startup_lks32mc07x.o(.text)
    __aeabi_lmul                             0x000002fd   Thumb Code    48  llmul.o(.text)
    _ll_mul                                  0x000002fd   Thumb Code     0  llmul.o(.text)
    vsnprintf                                0x0000032d   Thumb Code    56  vsnprintf.o(.text)
    __aeabi_memcpy                           0x00000369   Thumb Code   130  rt_memcpy.o(.text)
    __rt_memcpy                              0x00000369   Thumb Code     0  rt_memcpy.o(.text)
    _memset_w                                0x000003eb   Thumb Code    26  rt_memclr.o(.text)
    _memset                                  0x00000405   Thumb Code    30  rt_memclr.o(.text)
    __aeabi_memclr                           0x00000423   Thumb Code     4  rt_memclr.o(.text)
    __rt_memclr                              0x00000423   Thumb Code     0  rt_memclr.o(.text)
    __aeabi_memclr4                          0x00000427   Thumb Code     0  rt_memclr.o(.text)
    __aeabi_memclr8                          0x00000427   Thumb Code     0  rt_memclr.o(.text)
    __rt_memclr_w                            0x00000427   Thumb Code     4  rt_memclr.o(.text)
    __aeabi_uidiv                            0x0000042d   Thumb Code     0  aeabi_sdiv.o(.text)
    __aeabi_uidivmod                         0x0000042d   Thumb Code    20  aeabi_sdiv.o(.text)
    __aeabi_idiv                             0x00000441   Thumb Code     0  aeabi_sdiv.o(.text)
    __aeabi_idivmod                          0x00000441   Thumb Code   338  aeabi_sdiv.o(.text)
    __use_two_region_memory                  0x00000599   Thumb Code     2  heapauxi.o(.text)
    __rt_heap_escrow$2region                 0x0000059b   Thumb Code     2  heapauxi.o(.text)
    __rt_heap_expand$2region                 0x0000059d   Thumb Code     2  heapauxi.o(.text)
    __aeabi_fdiv                             0x000005a1   Thumb Code     0  fdiv.o(.text)
    __divsf3                                 0x000005a1   Thumb Code     0  fdiv.o(.text)
    _fdiv                                    0x000005a1   Thumb Code   450  fdiv.o(.text)
    _frdiv                                   0x00000763   Thumb Code     8  fdiv.o(.text)
    __aeabi_f2iz                             0x00000781   Thumb Code     0  ffixi.o(.text)
    _ffix                                    0x00000781   Thumb Code   116  ffixi.o(.text)
    __aeabi_i2f_normalise                    0x00000801   Thumb Code   132  fflti.o(.text)
    __aeabi_i2f                              0x00000885   Thumb Code    16  fflti.o(.text)
    _fflt                                    0x00000885   Thumb Code     0  fflti.o(.text)
    __aeabi_ui2f                             0x00000895   Thumb Code     6  fflti.o(.text)
    _ffltu                                   0x00000895   Thumb Code     0  fflti.o(.text)
    __rt_fp_status_addr                      0x000008a1   Thumb Code     8  rt_fp_status_addr_intlibspace.o(.text)
    __read_errno                             0x000008a9   Thumb Code    10  _rserrno.o(.text)
    __set_errno                              0x000008b3   Thumb Code    12  _rserrno.o(.text)
    _printf_pre_padding                      0x000008bf   Thumb Code    44  _printf_pad.o(.text)
    _printf_post_padding                     0x000008eb   Thumb Code    34  _printf_pad.o(.text)
    _printf_truncate_signed                  0x0000090d   Thumb Code    18  _printf_truncate.o(.text)
    _printf_truncate_unsigned                0x0000091f   Thumb Code    18  _printf_truncate.o(.text)
    _printf_str                              0x00000931   Thumb Code    82  _printf_str.o(.text)
    _printf_int_dec                          0x00000985   Thumb Code    90  _printf_dec.o(.text)
    _printf_charcount                        0x000009f1   Thumb Code    38  _printf_charcount.o(.text)
    _printf_char_common                      0x00000a23   Thumb Code    32  _printf_char_common.o(.text)
    _snputc                                  0x00000a49   Thumb Code    16  _snputc.o(.text)
    _printf_wctomb                           0x00000a59   Thumb Code   182  _printf_wctomb.o(.text)
    _printf_longlong_dec                     0x00000b15   Thumb Code    94  _printf_longlong_dec.o(.text)
    _printf_longlong_oct                     0x00000b85   Thumb Code    68  _printf_oct_int_ll.o(.text)
    _printf_int_oct                          0x00000bc9   Thumb Code    24  _printf_oct_int_ll.o(.text)
    _printf_ll_oct                           0x00000be1   Thumb Code    10  _printf_oct_int_ll.o(.text)
    _printf_longlong_hex                     0x00000bf5   Thumb Code    88  _printf_hex_int_ll_ptr.o(.text)
    _printf_int_hex                          0x00000c4d   Thumb Code    28  _printf_hex_int_ll_ptr.o(.text)
    _printf_ll_hex                           0x00000c69   Thumb Code    10  _printf_hex_int_ll_ptr.o(.text)
    _printf_hex_ptr                          0x00000c73   Thumb Code    22  _printf_hex_int_ll_ptr.o(.text)
    __printf                                 0x00000c8d   Thumb Code   386  __printf_flags_ss_wp.o(.text)
    __fpl_exception                          0x00000e15   Thumb Code   398  except.o(.text)
    __fpl_fcheck_NaN2                        0x00000fb9   Thumb Code    60  fnan2.o(.text)
    __fpl_normalise2                         0x00000ff5   Thumb Code   140  fnorm2.o(.text)
    __ARM_scalbnf                            0x0000108d   Thumb Code   200  fscalbn.o(.text)
    __funder                                 0x00001161   Thumb Code   254  funder.o(.text)
    __user_libspace                          0x00001261   Thumb Code     8  libspace.o(.text)
    __user_perproc_libspace                  0x00001261   Thumb Code     0  libspace.o(.text)
    __user_perthread_libspace                0x00001261   Thumb Code     0  libspace.o(.text)
    __aeabi_errno_addr                       0x00001269   Thumb Code     8  rt_errno_addr_intlibspace.o(.text)
    __errno$intlibspace                      0x00001269   Thumb Code     0  rt_errno_addr_intlibspace.o(.text)
    __rt_errno_addr$intlibspace              0x00001269   Thumb Code     0  rt_errno_addr_intlibspace.o(.text)
    _ll_udiv10                               0x00001271   Thumb Code   122  lludiv10.o(.text)
    _fp_trap                                 0x000012ed   Thumb Code    46  _fptrap.o(.text)
    _printf_int_common                       0x00001321   Thumb Code   176  _printf_intcommon.o(.text)
    _printf_fp_dec_real                      0x000014a7   Thumb Code   620  _printf_fp_dec_accurate.o(.text)
    _printf_fp_hex_real                      0x0000171d   Thumb Code   718  _printf_fp_hex.o(.text)
    _printf_cs_common                        0x000019f5   Thumb Code    22  _printf_char.o(.text)
    _printf_char                             0x00001a0b   Thumb Code    16  _printf_char.o(.text)
    _printf_string                           0x00001a1b   Thumb Code     8  _printf_char.o(.text)
    _printf_lcs_common                       0x00001a23   Thumb Code    22  _printf_wchar.o(.text)
    _printf_wchar                            0x00001a39   Thumb Code    16  _printf_wchar.o(.text)
    _printf_wstring                          0x00001a49   Thumb Code     8  _printf_wchar.o(.text)
    _c16rtomb                                0x00001a51   Thumb Code    66  _c16rtomb.o(.text)
    _wcrtomb                                 0x00001a51   Thumb Code     0  _c16rtomb.o(.text)
    __rt_udiv10                              0x00001a93   Thumb Code    40  rtudiv10.o(.text)
    __fpl_cmpreturn                          0x00001abb   Thumb Code    52  cmpret.o(.text)
    __fpl_fcmp_InfNaN                        0x00001af1   Thumb Code    96  fcmpin.o(.text)
    __fpl_fcheck_NaN1                        0x00001b55   Thumb Code    46  fnan.o(.text)
    __fpl_return_NaN                         0x00001b85   Thumb Code   148  retnan.o(.text)
    __user_setup_stackheap                   0x00001c1d   Thumb Code    62  sys_stackheap_outer.o(.text)
    __rt_ctype_table                         0x00001c5d   Thumb Code    16  rt_ctype_table.o(.text)
    __rt_locale                              0x00001c6d   Thumb Code     8  rt_locale_intlibspace.o(.text)
    _printf_fp_infnan                        0x00001c75   Thumb Code   120  _printf_fp_infnan.o(.text)
    _btod_main                               0x00001cfd   Thumb Code   406  btod_accurate.o(.text)
    exit                                     0x00001e93   Thumb Code    16  exit.o(.text)
    __rt_SIGFPE                              0x00001ea3   Thumb Code    12  defsig_fpe_outer.o(.text)
    __ieee_status                            0x00001eb1   Thumb Code    30  ieee_status.o(.text)
    _btod_approx_div10000                    0x00001ed5   Thumb Code    18  btod_accurate_common.o(.text)
    _btod_mul                                0x00001ee7   Thumb Code   120  btod_accurate_common.o(.text)
    _btod_pow                                0x00001f5f   Thumb Code   372  btod_accurate_common.o(.text)
    _bcd2digits                              0x000020d3   Thumb Code    82  btod_accurate_common.o(.text)
    _btod_common                             0x00002125   Thumb Code   226  btod_accurate_common.o(.text)
    __sig_exit                               0x00002215   Thumb Code    12  defsig_exit.o(.text)
    __rt_SIGFPE_inner                        0x00002221   Thumb Code    62  defsig_fpe_inner.o(.text)
    strcmp                                   0x000022cd   Thumb Code   132  strcmp.o(.text)
    _sys_exit                                0x00002355   Thumb Code     8  sys_exit.o(.text)
    __aeabi_llsr                             0x00002361   Thumb Code    34  llushr.o(.text)
    _ll_ushift_r                             0x00002361   Thumb Code     0  llushr.o(.text)
    __default_signal_display                 0x00002383   Thumb Code    52  defsig_general.o(.text)
    _fp_init                                 0x000023b7   Thumb Code    12  fpinit.o(.text)
    _ttywrch                                 0x000023c3   Thumb Code    12  sys_wrch.o(.text)
    __I$use$semihosting                      0x000023cf   Thumb Code     0  use_no_semi.o(.text)
    __use_no_semihosting_swi                 0x000023cf   Thumb Code     2  use_no_semi.o(.text)
    ADC0_IRQHandler                          0x000023d1   Thumb Code    72  interrupt.o(.text.ADC0_IRQHandler)
    __semihosting_library_function           0x000023d1   Thumb Code     0  indicate_semi.o(.text)
    ADC_CHN_GAIN_CFG                         0x000024c1   Thumb Code   122  lks32mc07x_adc.o(.text.ADC_CHN_GAIN_CFG)
    ADC_ClearIRQFlag                         0x0000253b   Thumb Code    20  lks32mc07x_adc.o(.text.ADC_ClearIRQFlag)
    ADC_GetConversionValue                   0x0000254f   Thumb Code   344  lks32mc07x_adc.o(.text.ADC_GetConversionValue)
    ADC_GetIRQFlag                           0x000026a7   Thumb Code    66  lks32mc07x_adc.o(.text.ADC_GetIRQFlag)
    ADC_Init                                 0x000026e9   Thumb Code   212  lks32mc07x_adc.o(.text.ADC_Init)
    ADC_SoftTrgEN                            0x000027f9   Thumb Code    28  lks32mc07x_adc.o(.text.ADC_SoftTrgEN)
    ADC_StructInit                           0x00002819   Thumb Code    64  lks32mc07x_adc.o(.text.ADC_StructInit)
    CalcPhaseCurrent                         0x00002859   Thumb Code   384  adccalc.o(.text.CalcPhaseCurrent)
    Clarke                                   0x000029f1   Thumb Code    84  clark_park.o(.text.Clarke)
    DMA0_IRQHandler                          0x00002add   Thumb Code     8  interrupt.o(.text.DMA0_IRQHandler)
    DMA_CHx_EN                               0x00002ae5   Thumb Code    42  lks32mc07x_dma.o(.text.DMA_CHx_EN)
    DMA_ClearIRQFlag                         0x00002b11   Thumb Code    16  lks32mc07x_dma.o(.text.DMA_ClearIRQFlag)
    DMA_Enable                               0x00002b21   Thumb Code     8  lks32mc07x_dma.o(.text.DMA_Enable)
    DMA_GetIRQFlag                           0x00002b29   Thumb Code    40  lks32mc07x_dma.o(.text.DMA_GetIRQFlag)
    DMA_Init                                 0x00002b55   Thumb Code   224  lks32mc07x_dma.o(.text.DMA_Init)
    DMA_StructInit                           0x00002c4d   Thumb Code    24  lks32mc07x_dma.o(.text.DMA_StructInit)
    DSP_Init                                 0x00002c65   Thumb Code    12  lks32mc07x_dsp.o(.text.DSP_Init)
    FOC_InitstruParama                       0x00002c71   Thumb Code    96  foc.o(.text.FOC_InitstruParama)
    FOC_Model                                0x00002ce1   Thumb Code   512  foc.o(.text.FOC_Model)
    GPIO_Init                                0x00002ef9   Thumb Code   276  lks32mc07x_gpio.o(.text.GPIO_Init)
    GPIO_PinAFConfig                         0x0000300d   Thumb Code   476  lks32mc07x_gpio.o(.text.GPIO_PinAFConfig)
    GPIO_ResetBits                           0x000031f9   Thumb Code    18  lks32mc07x_gpio.o(.text.GPIO_ResetBits)
    GPIO_SetBits                             0x0000320b   Thumb Code    18  lks32mc07x_gpio.o(.text.GPIO_SetBits)
    GPIO_StructInit                          0x0000321d   Thumb Code    30  lks32mc07x_gpio.o(.text.GPIO_StructInit)
    HALL0_IRQHandler                         0x000034d1   Thumb Code    12  interrupt.o(.text.HALL0_IRQHandler)
    HALL_Clear_IRQ                           0x000034e1   Thumb Code    24  lks32mc07x_hall.o(.text.HALL_Clear_IRQ)
    HALL_Cmd                                 0x000034f9   Thumb Code    22  lks32mc07x_hall.o(.text.HALL_Cmd)
    HALL_GetCaptureValue                     0x00003511   Thumb Code    12  lks32mc07x_hall.o(.text.HALL_GetCaptureValue)
    HALL_GetFilterValue                      0x0000351d   Thumb Code    12  lks32mc07x_hall.o(.text.HALL_GetFilterValue)
    HALL_GetIRQFlag                          0x00003529   Thumb Code    16  lks32mc07x_hall.o(.text.HALL_GetIRQFlag)
    HALL_Init                                0x00003539   Thumb Code    68  lks32mc07x_hall.o(.text.HALL_Init)
    HALL_StructInit                          0x00003589   Thumb Code    52  lks32mc07x_hall.o(.text.HALL_StructInit)
    Hall_IrqCallback                         0x00003751   Thumb Code   392  hall.o(.text.Hall_IrqCallback)
    Hall_PwmCycleCallback                    0x00003965   Thumb Code   104  hall.o(.text.Hall_PwmCycleCallback)
    HardFault_Handler                        0x00003bcd   Thumb Code    40  interrupt.o(.text.HardFault_Handler)
    Hardware_init                            0x00003c05   Thumb Code   176  hardware_init.o(.text.Hardware_init)
    IWDG_DISABLE                             0x00003cbd   Thumb Code    12  lks32mc07x_sys.o(.text.IWDG_DISABLE)
    LowPass_Filter_Init                      0x00003ccd   Thumb Code    44  foc.o(.text.LowPass_Filter_Init)
    MCPWM0_IRQHandler                        0x00003d15   Thumb Code    44  interrupt.o(.text.MCPWM0_IRQHandler)
    MCPWM0_RegUpdate                         0x00003d41   Thumb Code    68  hardware_init.o(.text.MCPWM0_RegUpdate)
    MCPWM_ClearIRQFlag                       0x00003d9d   Thumb Code    64  lks32mc07x_mcpwm.o(.text.MCPWM_ClearIRQFlag)
    MCPWM_GetIRQFlag                         0x00003ddd   Thumb Code   156  lks32mc07x_mcpwm.o(.text.MCPWM_GetIRQFlag)
    MCPWM_Init                               0x00003e91   Thumb Code  1640  lks32mc07x_mcpwm.o(.text.MCPWM_Init)
    MCPWM_StructInit                         0x00004555   Thumb Code    18  lks32mc07x_mcpwm.o(.text.MCPWM_StructInit)
    Motor_Block_Protect                      0x0000466d   Thumb Code   232  multifunction.o(.text.Motor_Block_Protect)
    OPAOut_OffsetCalibration                 0x00004769   Thumb Code   404  hardware_init.o(.text.OPAOut_OffsetCalibration)
    OPA_Init                                 0x0000491d   Thumb Code   380  lks32mc07x_opa.o(.text.OPA_Init)
    OPA_StructInit                           0x00004aad   Thumb Code    24  lks32mc07x_opa.o(.text.OPA_StructInit)
    PI_Controller                            0x00004b13   Thumb Code   276  pid.o(.text.PI_Controller)
    PWMOutputs                               0x00004c29   Thumb Code    76  lks32mc07x_mcpwm.o(.text.PWMOutputs)
    Park                                     0x00004c85   Thumb Code   148  clark_park.o(.text.Park)
    Read_Trim                                0x00004d19   Thumb Code    76  lks32mc07x_nvr.o16(.text.Read_Trim)
    RevPark_Circle_Limitation                0x00004d65   Thumb Code   132  clark_park.o(.text.RevPark_Circle_Limitation)
    Rev_Park                                 0x00004df1   Thumb Code   116  clark_park.o(.text.Rev_Park)
    SVPWM_2PH                                0x00004e65   Thumb Code   432  svpwm.o(.text.SVPWM_2PH)
    SYS_AnalogModuleClockCmd                 0x00005019   Thumb Code    52  lks32mc07x_sys.o(.text.SYS_AnalogModuleClockCmd)
    SYS_ModuleClockCmd                       0x00005051   Thumb Code    56  lks32mc07x_sys.o(.text.SYS_ModuleClockCmd)
    SYS_ReadMcuClk                           0x00005095   Thumb Code     8  lks32mc07x_sys.o(.text.SYS_ReadMcuClk)
    SoftDelay                                0x000050a1   Thumb Code    36  hardware_init.o(.text.SoftDelay)
    SysInit                                  0x000050c5   Thumb Code    24  sysinit.o(.text.SysInit)
    SystemInit                               0x00005289   Thumb Code     8  hardware_init.o(.text.SystemInit)
    TIMER0_IRQHandler                        0x00005291   Thumb Code    64  interrupt.o(.text.TIMER0_IRQHandler)
    TIM_ClearIRQFlag                         0x000052d5   Thumb Code    16  lks32mc07x_tim.o(.text.TIM_ClearIRQFlag)
    TIM_GetIRQFlag                           0x000052e5   Thumb Code    48  lks32mc07x_tim.o(.text.TIM_GetIRQFlag)
    TIM_TimerCmd                             0x00005315   Thumb Code    48  lks32mc07x_tim.o(.text.TIM_TimerCmd)
    TIM_TimerInit                            0x00005345   Thumb Code   336  lks32mc07x_tim.o(.text.TIM_TimerInit)
    TIM_TimerStrutInit                       0x000054a5   Thumb Code   158  lks32mc07x_tim.o(.text.TIM_TimerStrutInit)
    TableCalcBusVolt                         0x00005545   Thumb Code   264  adccalc.o(.text.TableCalcBusVolt)
    Trig_Functions                           0x00005669   Thumb Code   216  clark_park.o(.text.Trig_Functions)
    UART1_IRQHandler                         0x00005745   Thumb Code    68  interrupt.o(.text.UART1_IRQHandler)
    UART_ClearIRQFlag                        0x0000578d   Thumb Code    16  lks32mc07x_uart.o(.text.UART_ClearIRQFlag)
    UART_GetIRQFlag                          0x0000579d   Thumb Code    42  lks32mc07x_uart.o(.text.UART_GetIRQFlag)
    UART_Init                                0x000057c9   Thumb Code   224  lks32mc07x_uart.o(.text.UART_Init)
    UART_ReadData                            0x000058dd   Thumb Code    12  lks32mc07x_uart.o(.text.UART_ReadData)
    UART_SendData                            0x000058e9   Thumb Code    16  lks32mc07x_uart.o(.text.UART_SendData)
    UART_StructInit                          0x000059ad   Thumb Code    62  lks32mc07x_uart.o(.text.UART_StructInit)
    currentCalcOffsetInit                    0x00005c4d   Thumb Code   108  hardware_init.o(.text.currentCalcOffsetInit)
    led_blink                                0x00005cc1   Thumb Code    44  led.o(.text.led_blink)
    led_off                                  0x00005cf5   Thumb Code    12  led.o(.text.led_off)
    led_on                                   0x00005d01   Thumb Code    12  led.o(.text.led_on)
    lowPass_filter                           0x00005d11   Thumb Code    44  foc.o(.text.lowPass_filter)
    main                                     0x00005d3d   Thumb Code    36  main.o(.text.main)
    ntc_temperature_calc                     0x00005d65   Thumb Code   172  adccalc.o(.text.ntc_temperature_calc)
    task_scheduler                           0x00005ed1   Thumb Code   132  taskscheduler.o(.text.task_scheduler)
    uart_1_dma_init                          0x00005f59   Thumb Code    84  uart.o(.text.uart_1_dma_init)
    uart_1_dma_tx_irq_handler                0x00005fad   Thumb Code    44  uart.o(.text.uart_1_dma_tx_irq_handler)
    uart_1_printf                            0x00005fd9   Thumb Code    50  uart.o(.text.uart_1_printf)
    uart_1_send_buffer_dma                   0x0000600d   Thumb Code   248  uart.o(.text.uart_1_send_buffer_dma)
    uart_1_send_byte                         0x00006129   Thumb Code    40  uart.o(.text.uart_1_send_byte)
    uart_1_send_string                       0x00006159   Thumb Code    36  uart.o(.text.uart_1_send_string)
    uart_send_bw_test_data_csv               0x0000617d   Thumb Code    76  uart.o(.text.uart_send_bw_test_data_csv)
    vofa_justfloat_printf                    0x000061d5   Thumb Code   198  vofa.o(.text.vofa_justfloat_printf)
    vofa_pack_and_send                       0x0000629d   Thumb Code    16  vofa.o(.text.vofa_pack_and_send)
    __ARM_fpclassify                         0x000062b5   Thumb Code    40  fpclassify.o(i.__ARM_fpclassify)
    __funder_d                               0x000062e1   Thumb Code   122  funder.o(i.__funder_d)
    __mathlib_flt_divzero                    0x00006361   Thumb Code    14  funder.o(i.__mathlib_flt_divzero)
    __mathlib_flt_infnan                     0x0000636f   Thumb Code    10  funder.o(i.__mathlib_flt_infnan)
    __mathlib_flt_invalid                    0x00006379   Thumb Code    12  funder.o(i.__mathlib_flt_invalid)
    __aeabi_fcmple                           0x00006385   Thumb Code     0  fcmp.o(i._fleq)
    _fleq                                    0x00006385   Thumb Code    26  fcmp.o(i._fleq)
    __aeabi_fcmplt                           0x0000639f   Thumb Code     0  fcmp.o(i._fls)
    _fls                                     0x0000639f   Thumb Code    22  fcmp.o(i._fls)
    _is_digit                                0x000063b5   Thumb Code    14  __printf_wp.o(i._is_digit)
    __mathlib_logf                           0x000063c5   Thumb Code     0  logf.o(i.logf)
    logf                                     0x000063c5   Thumb Code   338  logf.o(i.logf)
    _get_lc_numeric                          0x00006541   Thumb Code    44  lc_numeric_c.o(locale$$code)
    _get_lc_ctype                            0x0000656d   Thumb Code    44  lc_ctype_c.o(locale$$code)
    __aeabi_fadd                             0x00006599   Thumb Code     0  faddsub.o(x$fpl$fadd)
    _fadd                                    0x00006599   Thumb Code   378  faddsub.o(x$fpl$fadd)
    __aeabi_cfcmple                          0x00006725   Thumb Code     0  flef.o(x$fpl$fleqf)
    _fcmple                                  0x00006725   Thumb Code    74  flef.o(x$fpl$fleqf)
    __aeabi_fmul                             0x00006775   Thumb Code     0  fmul.o(x$fpl$fmul)
    _fmul                                    0x00006775   Thumb Code   378  fmul.o(x$fpl$fmul)
    __aeabi_fsub                             0x00006901   Thumb Code     0  faddsub.o(x$fpl$fsub)
    _fsub                                    0x00006901   Thumb Code   448  faddsub.o(x$fpl$fsub)
    __default_to_accurate_btod               0x00006acd   Thumb Code     0  printf1.o(x$fpl$printf1)
    _printf_fp_dec                           0x00006acd   Thumb Code    16  printf1.o(x$fpl$printf1)
    _printf_fp_hex                           0x00006add   Thumb Code    16  printf2.o(x$fpl$printf2)
    __I$use$fp                               0x00006aec   Number         0  usenofp.o(x$fpl$usenofp)
    circle_limit_table                       0x00006bd4   Data         130  clark_park.o(.rodata.circle_limit_table)
    hSin_Cos_Table                           0x00006c56   Data         512  clark_park.o(.rodata.hSin_Cos_Table)
    my_volt_table                            0x00006e56   Data         172  adccalc.o(.rodata.my_volt_table)
    Region$$Table$$Base                      0x00006fd4   Number         0  anon$$obj.o(Region$$Table)
    Region$$Table$$Limit                     0x00006ff4   Number         0  anon$$obj.o(Region$$Table)
    __ctype                                  0x0000701d   Data           0  lc_ctype_c.o(locale$$data)
    __libspace_start                         0x20000008   Data          96  libspace.o(.bss)
    __temporary_stack_top$libspace           0x20000068   Data           0  libspace.o(.bss)
    adcRawValue                              0x2000007e   Data          10  adccalc.o(.bss.adcRawValue)
    cur_bw_test                              0x20000088   Data        1030  foc.o(.bss.cur_bw_test)
    gAdcObj                                  0x20000490   Data          44  globalvariable.o(.bss.gAdcObj)
    gStructHallProcess                       0x200004bc   Data          80  globalvariable.o(.bss.gStructHallProcess)
    gTrig8                                   0x2000050c   Data           1  taskscheduler.o(.bss.gTrig8)
    g_task_scheduler                         0x20000510   Data          20  taskscheduler.o(.bss.g_task_scheduler)
    maxmagflg                                0x20000629   Data           1  lks32mc07x_opa.o(.bss.maxmagflg)
    ntc_temp                                 0x2000062c   Data           4  adccalc.o(.bss.ntc_temp)
    speed_loop_integral_acc                  0x20000630   Data           4  speedloop.o(.bss.speed_loop_integral_acc)
    struCurrU_RC                             0x20000634   Data           8  foc.o(.bss.struCurrU_RC)
    struCurrV_RC                             0x2000063c   Data           8  foc.o(.bss.struCurrV_RC)
    struCurrW_RC                             0x20000644   Data           8  foc.o(.bss.struCurrW_RC)
    struFOC_CtrProc                          0x2000064c   Data         124  globalvariable.o(.bss.struFOC_CtrProc)
    struSpeedFeedback_RC                     0x200006c8   Data           8  speedloop.o(.bss.struSpeedFeedback_RC)
    struSpeedLoopOutput_RC                   0x200006d0   Data           8  speedloop.o(.bss.struSpeedLoopOutput_RC)
    stru_motorcomprehensive                  0x200006d8   Data           4  globalvariable.o(.bss.stru_motorcomprehensive)
    uart1_buff                               0x200006dc   Data           1  interrupt.o(.bss.uart1_buff)
    vofa_justfloat_data                      0x200006e0   Data          36  vofa.o(.bss.vofa_justfloat_data)



==============================================================================

Memory Map of the image

  Image Entry point : 0x000000c1

  Load Region LR_IROM1 (Base: 0x00000000, Size: 0x00007128, Max: 0x00010000, ABSOLUTE)

    Execution Region ER_IROM1 (Exec base: 0x00000000, Load base: 0x00000000, Size: 0x00007120, Max: 0x00010000, ABSOLUTE)

    Exec Addr    Load Addr    Size         Type   Attr      Idx    E Section Name        Object

    0x00000000   0x00000000   0x000000c0   Data   RO            3    RESET               startup_lks32mc07x.o
    0x000000c0   0x000000c0   0x00000008   Code   RO          995  * !!!main             c_p.l(__main.o)
    0x000000c8   0x000000c8   0x00000054   Code   RO         1426    !!!scatter          c_p.l(__scatter.o)
    0x0000011c   0x0000011c   0x0000001a   Code   RO         1430    !!handler_copy      c_p.l(__scatter_copy.o)
    0x00000136   0x00000136   0x00000002   PAD
    0x00000138   0x00000138   0x00000002   Code   RO         1427    !!handler_null      c_p.l(__scatter.o)
    0x0000013a   0x0000013a   0x00000002   PAD
    0x0000013c   0x0000013c   0x0000001c   Code   RO         1432    !!handler_zi        c_p.l(__scatter_zi.o)
    0x00000158   0x00000158   0x00000002   Code   RO         1134    .ARM.Collect$$_printf_percent$$00000000  c_p.l(_printf_percent.o)
    0x0000015a   0x0000015a   0x0000000a   Code   RO         1123    .ARM.Collect$$_printf_percent$$00000001  c_p.l(_printf_n.o)
    0x00000164   0x00000164   0x0000000a   Code   RO         1125    .ARM.Collect$$_printf_percent$$00000002  c_p.l(_printf_p.o)
    0x0000016e   0x0000016e   0x0000000a   Code   RO         1130    .ARM.Collect$$_printf_percent$$00000003  c_p.l(_printf_f.o)
    0x00000178   0x00000178   0x0000000a   Code   RO         1131    .ARM.Collect$$_printf_percent$$00000004  c_p.l(_printf_e.o)
    0x00000182   0x00000182   0x0000000a   Code   RO         1132    .ARM.Collect$$_printf_percent$$00000005  c_p.l(_printf_g.o)
    0x0000018c   0x0000018c   0x0000000a   Code   RO         1133    .ARM.Collect$$_printf_percent$$00000006  c_p.l(_printf_a.o)
    0x00000196   0x00000196   0x0000000a   Code   RO         1138    .ARM.Collect$$_printf_percent$$00000007  c_p.l(_printf_ll.o)
    0x000001a0   0x000001a0   0x0000000a   Code   RO         1127    .ARM.Collect$$_printf_percent$$00000008  c_p.l(_printf_i.o)
    0x000001aa   0x000001aa   0x0000000a   Code   RO         1128    .ARM.Collect$$_printf_percent$$00000009  c_p.l(_printf_d.o)
    0x000001b4   0x000001b4   0x0000000a   Code   RO         1129    .ARM.Collect$$_printf_percent$$0000000A  c_p.l(_printf_u.o)
    0x000001be   0x000001be   0x0000000a   Code   RO         1126    .ARM.Collect$$_printf_percent$$0000000B  c_p.l(_printf_o.o)
    0x000001c8   0x000001c8   0x0000000a   Code   RO         1124    .ARM.Collect$$_printf_percent$$0000000C  c_p.l(_printf_x.o)
    0x000001d2   0x000001d2   0x0000000a   Code   RO         1135    .ARM.Collect$$_printf_percent$$0000000D  c_p.l(_printf_lli.o)
    0x000001dc   0x000001dc   0x0000000a   Code   RO         1136    .ARM.Collect$$_printf_percent$$0000000E  c_p.l(_printf_lld.o)
    0x000001e6   0x000001e6   0x0000000a   Code   RO         1137    .ARM.Collect$$_printf_percent$$0000000F  c_p.l(_printf_llu.o)
    0x000001f0   0x000001f0   0x0000000a   Code   RO         1142    .ARM.Collect$$_printf_percent$$00000010  c_p.l(_printf_llo.o)
    0x000001fa   0x000001fa   0x0000000a   Code   RO         1143    .ARM.Collect$$_printf_percent$$00000011  c_p.l(_printf_llx.o)
    0x00000204   0x00000204   0x0000000a   Code   RO         1139    .ARM.Collect$$_printf_percent$$00000012  c_p.l(_printf_l.o)
    0x0000020e   0x0000020e   0x0000000a   Code   RO         1121    .ARM.Collect$$_printf_percent$$00000013  c_p.l(_printf_c.o)
    0x00000218   0x00000218   0x0000000a   Code   RO         1122    .ARM.Collect$$_printf_percent$$00000014  c_p.l(_printf_s.o)
    0x00000222   0x00000222   0x0000000a   Code   RO         1140    .ARM.Collect$$_printf_percent$$00000015  c_p.l(_printf_lc.o)
    0x0000022c   0x0000022c   0x0000000a   Code   RO         1141    .ARM.Collect$$_printf_percent$$00000016  c_p.l(_printf_ls.o)
    0x00000236   0x00000236   0x00000004   Code   RO         1229    .ARM.Collect$$_printf_percent$$00000017  c_p.l(_printf_percent_end.o)
    0x0000023a   0x0000023a   0x00000002   Code   RO         1277    .ARM.Collect$$libinit$$00000000  c_p.l(libinit.o)
    0x0000023c   0x0000023c   0x00000004   Code   RO         1298    .ARM.Collect$$libinit$$00000001  c_p.l(libinit2.o)
    0x00000240   0x00000240   0x00000000   Code   RO         1301    .ARM.Collect$$libinit$$00000004  c_p.l(libinit2.o)
    0x00000240   0x00000240   0x00000000   Code   RO         1303    .ARM.Collect$$libinit$$00000006  c_p.l(libinit2.o)
    0x00000240   0x00000240   0x00000000   Code   RO         1306    .ARM.Collect$$libinit$$0000000C  c_p.l(libinit2.o)
    0x00000240   0x00000240   0x00000000   Code   RO         1308    .ARM.Collect$$libinit$$0000000E  c_p.l(libinit2.o)
    0x00000240   0x00000240   0x00000000   Code   RO         1310    .ARM.Collect$$libinit$$00000010  c_p.l(libinit2.o)
    0x00000240   0x00000240   0x00000006   Code   RO         1311    .ARM.Collect$$libinit$$00000011  c_p.l(libinit2.o)
    0x00000246   0x00000246   0x00000000   Code   RO         1313    .ARM.Collect$$libinit$$00000013  c_p.l(libinit2.o)
    0x00000246   0x00000246   0x0000000c   Code   RO         1314    .ARM.Collect$$libinit$$00000014  c_p.l(libinit2.o)
    0x00000252   0x00000252   0x00000000   Code   RO         1315    .ARM.Collect$$libinit$$00000015  c_p.l(libinit2.o)
    0x00000252   0x00000252   0x00000000   Code   RO         1317    .ARM.Collect$$libinit$$00000017  c_p.l(libinit2.o)
    0x00000252   0x00000252   0x0000000a   Code   RO         1318    .ARM.Collect$$libinit$$00000018  c_p.l(libinit2.o)
    0x0000025c   0x0000025c   0x00000000   Code   RO         1319    .ARM.Collect$$libinit$$00000019  c_p.l(libinit2.o)
    0x0000025c   0x0000025c   0x00000000   Code   RO         1321    .ARM.Collect$$libinit$$0000001B  c_p.l(libinit2.o)
    0x0000025c   0x0000025c   0x00000000   Code   RO         1323    .ARM.Collect$$libinit$$0000001D  c_p.l(libinit2.o)
    0x0000025c   0x0000025c   0x00000000   Code   RO         1325    .ARM.Collect$$libinit$$0000001F  c_p.l(libinit2.o)
    0x0000025c   0x0000025c   0x00000000   Code   RO         1327    .ARM.Collect$$libinit$$00000021  c_p.l(libinit2.o)
    0x0000025c   0x0000025c   0x00000000   Code   RO         1329    .ARM.Collect$$libinit$$00000023  c_p.l(libinit2.o)
    0x0000025c   0x0000025c   0x00000000   Code   RO         1331    .ARM.Collect$$libinit$$00000025  c_p.l(libinit2.o)
    0x0000025c   0x0000025c   0x00000000   Code   RO         1333    .ARM.Collect$$libinit$$00000027  c_p.l(libinit2.o)
    0x0000025c   0x0000025c   0x00000000   Code   RO         1337    .ARM.Collect$$libinit$$0000002E  c_p.l(libinit2.o)
    0x0000025c   0x0000025c   0x00000000   Code   RO         1339    .ARM.Collect$$libinit$$00000030  c_p.l(libinit2.o)
    0x0000025c   0x0000025c   0x00000000   Code   RO         1341    .ARM.Collect$$libinit$$00000032  c_p.l(libinit2.o)
    0x0000025c   0x0000025c   0x00000000   Code   RO         1343    .ARM.Collect$$libinit$$00000034  c_p.l(libinit2.o)
    0x0000025c   0x0000025c   0x00000002   Code   RO         1344    .ARM.Collect$$libinit$$00000035  c_p.l(libinit2.o)
    0x0000025e   0x0000025e   0x00000002   Code   RO         1381    .ARM.Collect$$libshutdown$$00000000  c_p.l(libshutdown.o)
    0x00000260   0x00000260   0x00000000   Code   RO         1409    .ARM.Collect$$libshutdown$$00000002  c_p.l(libshutdown2.o)
    0x00000260   0x00000260   0x00000000   Code   RO         1411    .ARM.Collect$$libshutdown$$00000004  c_p.l(libshutdown2.o)
    0x00000260   0x00000260   0x00000000   Code   RO         1414    .ARM.Collect$$libshutdown$$00000007  c_p.l(libshutdown2.o)
    0x00000260   0x00000260   0x00000000   Code   RO         1417    .ARM.Collect$$libshutdown$$0000000A  c_p.l(libshutdown2.o)
    0x00000260   0x00000260   0x00000000   Code   RO         1419    .ARM.Collect$$libshutdown$$0000000C  c_p.l(libshutdown2.o)
    0x00000260   0x00000260   0x00000000   Code   RO         1422    .ARM.Collect$$libshutdown$$0000000F  c_p.l(libshutdown2.o)
    0x00000260   0x00000260   0x00000002   Code   RO         1423    .ARM.Collect$$libshutdown$$00000010  c_p.l(libshutdown2.o)
    0x00000262   0x00000262   0x00000000   Code   RO         1041    .ARM.Collect$$rtentry$$00000000  c_p.l(__rtentry.o)
    0x00000262   0x00000262   0x00000000   Code   RO         1189    .ARM.Collect$$rtentry$$00000002  c_p.l(__rtentry2.o)
    0x00000262   0x00000262   0x00000006   Code   RO         1201    .ARM.Collect$$rtentry$$00000004  c_p.l(__rtentry4.o)
    0x00000268   0x00000268   0x00000000   Code   RO         1191    .ARM.Collect$$rtentry$$00000009  c_p.l(__rtentry2.o)
    0x00000268   0x00000268   0x00000004   Code   RO         1192    .ARM.Collect$$rtentry$$0000000A  c_p.l(__rtentry2.o)
    0x0000026c   0x0000026c   0x00000000   Code   RO         1194    .ARM.Collect$$rtentry$$0000000C  c_p.l(__rtentry2.o)
    0x0000026c   0x0000026c   0x00000008   Code   RO         1195    .ARM.Collect$$rtentry$$0000000D  c_p.l(__rtentry2.o)
    0x00000274   0x00000274   0x00000002   Code   RO         1283    .ARM.Collect$$rtexit$$00000000  c_p.l(rtexit.o)
    0x00000276   0x00000276   0x00000000   Code   RO         1350    .ARM.Collect$$rtexit$$00000002  c_p.l(rtexit2.o)
    0x00000276   0x00000276   0x00000004   Code   RO         1351    .ARM.Collect$$rtexit$$00000003  c_p.l(rtexit2.o)
    0x0000027a   0x0000027a   0x00000006   Code   RO         1352    .ARM.Collect$$rtexit$$00000004  c_p.l(rtexit2.o)
    0x00000280   0x00000280   0x00000038   Code   RO          983    .emb_text           c_p.l(rt_memcpy.o)
    0x000002b8   0x000002b8   0x00000044   Code   RO            4    .text               startup_lks32mc07x.o
    0x000002fc   0x000002fc   0x00000030   Code   RO          979    .text               c_p.l(llmul.o)
    0x0000032c   0x0000032c   0x0000003c   Code   RO          981    .text               c_p.l(vsnprintf.o)
    0x00000368   0x00000368   0x00000082   Code   RO          984    .text               c_p.l(rt_memcpy.o)
    0x000003ea   0x000003ea   0x00000040   Code   RO          987    .text               c_p.l(rt_memclr.o)
    0x0000042a   0x0000042a   0x00000002   PAD
    0x0000042c   0x0000042c   0x0000016c   Code   RO          989    .text               c_p.l(aeabi_sdiv.o)
    0x00000598   0x00000598   0x00000006   Code   RO          993    .text               c_p.l(heapauxi.o)
    0x0000059e   0x0000059e   0x00000002   PAD
    0x000005a0   0x000005a0   0x000001e0   Code   RO         1027    .text               g_ps.l(fdiv.o)
    0x00000780   0x00000780   0x00000080   Code   RO         1030    .text               g_ps.l(ffixi.o)
    0x00000800   0x00000800   0x000000a0   Code   RO         1032    .text               g_ps.l(fflti.o)
    0x000008a0   0x000008a0   0x00000008   Code   RO         1049    .text               c_p.l(rt_fp_status_addr_intlibspace.o)
    0x000008a8   0x000008a8   0x00000016   Code   RO         1051    .text               c_p.l(_rserrno.o)
    0x000008be   0x000008be   0x0000004e   Code   RO         1055    .text               c_p.l(_printf_pad.o)
    0x0000090c   0x0000090c   0x00000024   Code   RO         1057    .text               c_p.l(_printf_truncate.o)
    0x00000930   0x00000930   0x00000052   Code   RO         1059    .text               c_p.l(_printf_str.o)
    0x00000982   0x00000982   0x00000002   PAD
    0x00000984   0x00000984   0x0000006c   Code   RO         1061    .text               c_p.l(_printf_dec.o)
    0x000009f0   0x000009f0   0x00000026   Code   RO         1063    .text               c_p.l(_printf_charcount.o)
    0x00000a16   0x00000a16   0x00000002   PAD
    0x00000a18   0x00000a18   0x00000030   Code   RO         1065    .text               c_p.l(_printf_char_common.o)
    0x00000a48   0x00000a48   0x00000010   Code   RO         1067    .text               c_p.l(_snputc.o)
    0x00000a58   0x00000a58   0x000000bc   Code   RO         1069    .text               c_p.l(_printf_wctomb.o)
    0x00000b14   0x00000b14   0x00000070   Code   RO         1072    .text               c_p.l(_printf_longlong_dec.o)
    0x00000b84   0x00000b84   0x00000070   Code   RO         1078    .text               c_p.l(_printf_oct_int_ll.o)
    0x00000bf4   0x00000bf4   0x00000098   Code   RO         1098    .text               c_p.l(_printf_hex_int_ll_ptr.o)
    0x00000c8c   0x00000c8c   0x00000188   Code   RO         1118    .text               c_p.l(__printf_flags_ss_wp.o)
    0x00000e14   0x00000e14   0x000001a4   Code   RO         1144    .text               g_ps.l(except.o)
    0x00000fb8   0x00000fb8   0x0000003c   Code   RO         1152    .text               g_ps.l(fnan2.o)
    0x00000ff4   0x00000ff4   0x00000098   Code   RO         1154    .text               g_ps.l(fnorm2.o)
    0x0000108c   0x0000108c   0x000000d4   Code   RO         1156    .text               g_ps.l(fscalbn.o)
    0x00001160   0x00001160   0x000000fe   Code   RO         1158    .text               g_ps.l(funder.o)
    0x0000125e   0x0000125e   0x00000002   PAD
    0x00001260   0x00001260   0x00000008   Code   RO         1185    .text               c_p.l(libspace.o)
    0x00001268   0x00001268   0x00000008   Code   RO         1208    .text               c_p.l(rt_errno_addr_intlibspace.o)
    0x00001270   0x00001270   0x0000007a   Code   RO         1210    .text               c_p.l(lludiv10.o)
    0x000012ea   0x000012ea   0x00000002   PAD
    0x000012ec   0x000012ec   0x00000034   Code   RO         1212    .text               c_p.l(_fptrap.o)
    0x00001320   0x00001320   0x000000b0   Code   RO         1214    .text               c_p.l(_printf_intcommon.o)
    0x000013d0   0x000013d0   0x0000034c   Code   RO         1218    .text               c_p.l(_printf_fp_dec_accurate.o)
    0x0000171c   0x0000171c   0x000002d8   Code   RO         1220    .text               c_p.l(_printf_fp_hex.o)
    0x000019f4   0x000019f4   0x0000002e   Code   RO         1225    .text               c_p.l(_printf_char.o)
    0x00001a22   0x00001a22   0x0000002e   Code   RO         1227    .text               c_p.l(_printf_wchar.o)
    0x00001a50   0x00001a50   0x00000042   Code   RO         1230    .text               c_p.l(_c16rtomb.o)
    0x00001a92   0x00001a92   0x00000028   Code   RO         1232    .text               c_p.l(rtudiv10.o)
    0x00001aba   0x00001aba   0x00000034   Code   RO         1234    .text               g_ps.l(cmpret.o)
    0x00001aee   0x00001aee   0x00000002   PAD
    0x00001af0   0x00001af0   0x00000064   Code   RO         1236    .text               g_ps.l(fcmpin.o)
    0x00001b54   0x00001b54   0x0000002e   Code   RO         1238    .text               g_ps.l(fnan.o)
    0x00001b82   0x00001b82   0x00000002   PAD
    0x00001b84   0x00001b84   0x00000098   Code   RO         1240    .text               g_ps.l(retnan.o)
    0x00001c1c   0x00001c1c   0x0000003e   Code   RO         1242    .text               c_p.l(sys_stackheap_outer.o)
    0x00001c5a   0x00001c5a   0x00000002   PAD
    0x00001c5c   0x00001c5c   0x00000010   Code   RO         1245    .text               c_p.l(rt_ctype_table.o)
    0x00001c6c   0x00001c6c   0x00000008   Code   RO         1250    .text               c_p.l(rt_locale_intlibspace.o)
    0x00001c74   0x00001c74   0x00000088   Code   RO         1252    .text               c_p.l(_printf_fp_infnan.o)
    0x00001cfc   0x00001cfc   0x00000196   Code   RO         1261    .text               c_p.l(btod_accurate.o)
    0x00001e92   0x00001e92   0x00000010   Code   RO         1266    .text               c_p.l(exit.o)
    0x00001ea2   0x00001ea2   0x0000000c   Code   RO         1268    .text               c_p.l(defsig_fpe_outer.o)
    0x00001eae   0x00001eae   0x00000002   PAD
    0x00001eb0   0x00001eb0   0x00000024   Code   RO         1278    .text               g_ps.l(ieee_status.o)
    0x00001ed4   0x00001ed4   0x00000340   Code   RO         1287    .text               c_p.l(btod_accurate_common.o)
    0x00002214   0x00002214   0x0000000c   Code   RO         1292    .text               c_p.l(defsig_exit.o)
    0x00002220   0x00002220   0x000000ac   Code   RO         1294    .text               c_p.l(defsig_fpe_inner.o)
    0x000022cc   0x000022cc   0x00000088   Code   RO         1296    .text               c_p.l(strcmp.o)
    0x00002354   0x00002354   0x0000000c   Code   RO         1345    .text               c_p.l(sys_exit.o)
    0x00002360   0x00002360   0x00000022   Code   RO         1356    .text               c_p.l(llushr.o)
    0x00002382   0x00002382   0x00000034   Code   RO         1360    .text               c_p.l(defsig_general.o)
    0x000023b6   0x000023b6   0x0000000c   Code   RO         1364    .text               g_ps.l(fpinit.o)
    0x000023c2   0x000023c2   0x0000000c   Code   RO         1366    .text               c_p.l(sys_wrch.o)
    0x000023ce   0x000023ce   0x00000002   Code   RO         1370    .text               c_p.l(use_no_semi.o)
    0x000023d0   0x000023d0   0x00000000   Code   RO         1372    .text               c_p.l(indicate_semi.o)
    0x000023d0   0x000023d0   0x00000054   Code   RO          918    .text.ADC0_IRQHandler  interrupt.o
    0x00002424   0x00002424   0x0000009c   Code   RO          653    .text.ADC0_init     hardware_init.o
    0x000024c0   0x000024c0   0x0000007a   Code   RO           19    .text.ADC_CHN_GAIN_CFG  lks32mc07x_adc.o
    0x0000253a   0x0000253a   0x00000014   Code   RO           15    .text.ADC_ClearIRQFlag  lks32mc07x_adc.o
    0x0000254e   0x0000254e   0x00000158   Code   RO           21    .text.ADC_GetConversionValue  lks32mc07x_adc.o
    0x000026a6   0x000026a6   0x00000042   Code   RO           17    .text.ADC_GetIRQFlag  lks32mc07x_adc.o
    0x000026e8   0x000026e8   0x00000110   Code   RO           11    .text.ADC_Init      lks32mc07x_adc.o
    0x000027f8   0x000027f8   0x00000020   Code   RO           23    .text.ADC_SoftTrgEN  lks32mc07x_adc.o
    0x00002818   0x00002818   0x00000040   Code   RO           13    .text.ADC_StructInit  lks32mc07x_adc.o
    0x00002858   0x00002858   0x00000198   Code   RO          748    .text.CalcPhaseCurrent  adccalc.o
    0x000029f0   0x000029f0   0x00000058   Code   RO          768    .text.Clarke        clark_park.o
    0x00002a48   0x00002a48   0x00000040   Code   RO          639    .text.Clock_Init    hardware_init.o
    0x00002a88   0x00002a88   0x00000054   Code   RO          795    .text.CurrentMa_ToQ15  foc.o
    0x00002adc   0x00002adc   0x00000008   Code   RO          928    .text.DMA0_IRQHandler  interrupt.o
    0x00002ae4   0x00002ae4   0x0000002a   Code   RO          199    .text.DMA_CHx_EN    lks32mc07x_dma.o
    0x00002b0e   0x00002b0e   0x00000002   PAD
    0x00002b10   0x00002b10   0x00000010   Code   RO          187    .text.DMA_ClearIRQFlag  lks32mc07x_dma.o
    0x00002b20   0x00002b20   0x00000008   Code   RO          183    .text.DMA_Enable    lks32mc07x_dma.o
    0x00002b28   0x00002b28   0x0000002c   Code   RO          185    .text.DMA_GetIRQFlag  lks32mc07x_dma.o
    0x00002b54   0x00002b54   0x000000f8   Code   RO          181    .text.DMA_Init      lks32mc07x_dma.o
    0x00002c4c   0x00002c4c   0x00000018   Code   RO          179    .text.DMA_StructInit  lks32mc07x_dma.o
    0x00002c64   0x00002c64   0x0000000c   Code   RO          210    .text.DSP_Init      lks32mc07x_dsp.o
    0x00002c70   0x00002c70   0x00000070   Code   RO          789    .text.FOC_InitstruParama  foc.o
    0x00002ce0   0x00002ce0   0x00000218   Code   RO          791    .text.FOC_Model     foc.o
    0x00002ef8   0x00002ef8   0x00000114   Code   RO          271    .text.GPIO_Init     lks32mc07x_gpio.o
    0x0000300c   0x0000300c   0x000001ec   Code   RO          291    .text.GPIO_PinAFConfig  lks32mc07x_gpio.o
    0x000031f8   0x000031f8   0x00000012   Code   RO          285    .text.GPIO_ResetBits  lks32mc07x_gpio.o
    0x0000320a   0x0000320a   0x00000012   Code   RO          283    .text.GPIO_SetBits  lks32mc07x_gpio.o
    0x0000321c   0x0000321c   0x0000001e   Code   RO          273    .text.GPIO_StructInit  lks32mc07x_gpio.o
    0x0000323a   0x0000323a   0x00000002   PAD
    0x0000323c   0x0000323c   0x000001fc   Code   RO          659    .text.GPIO_init     hardware_init.o
    0x00003438   0x00003438   0x00000098   Code   RO          793    .text.Get_PhaseCurrent_AndFilter  foc.o
    0x000034d0   0x000034d0   0x00000010   Code   RO          922    .text.HALL0_IRQHandler  interrupt.o
    0x000034e0   0x000034e0   0x00000018   Code   RO          314    .text.HALL_Clear_IRQ  lks32mc07x_hall.o
    0x000034f8   0x000034f8   0x00000016   Code   RO          320    .text.HALL_Cmd      lks32mc07x_hall.o
    0x0000350e   0x0000350e   0x00000002   PAD
    0x00003510   0x00003510   0x0000000c   Code   RO          306    .text.HALL_GetCaptureValue  lks32mc07x_hall.o
    0x0000351c   0x0000351c   0x0000000c   Code   RO          304    .text.HALL_GetFilterValue  lks32mc07x_hall.o
    0x00003528   0x00003528   0x00000010   Code   RO          316    .text.HALL_GetIRQFlag  lks32mc07x_hall.o
    0x00003538   0x00003538   0x00000050   Code   RO          300    .text.HALL_Init     lks32mc07x_hall.o
    0x00003588   0x00003588   0x00000038   Code   RO          302    .text.HALL_StructInit  lks32mc07x_hall.o
    0x000035c0   0x000035c0   0x0000003c   Code   RO          665    .text.HALL_init     hardware_init.o
    0x000035fc   0x000035fc   0x00000014   Code   RO          833    .text.Hall_ApplyAngleOffset  hall.o
    0x00003610   0x00003610   0x0000004c   Code   RO          831    .text.Hall_ClearPeriodFilter  hall.o
    0x0000365c   0x0000365c   0x00000082   Code   RO          817    .text.Hall_GetDirectionFromTransition  hall.o
    0x000036de   0x000036de   0x00000032   Code   RO          815    .text.Hall_GetFallbackDirection  hall.o
    0x00003710   0x00003710   0x0000001c   Code   RO          811    .text.Hall_GetStepFromState  hall.o
    0x0000372c   0x0000372c   0x00000022   Code   RO          813    .text.Hall_InvalidateMeasurement  hall.o
    0x0000374e   0x0000374e   0x00000002   PAD
    0x00003750   0x00003750   0x0000018c   Code   RO          809    .text.Hall_IrqCallback  hall.o
    0x000038dc   0x000038dc   0x00000088   Code   RO          819    .text.Hall_PushPeriodSample  hall.o
    0x00003964   0x00003964   0x00000068   Code   RO          825    .text.Hall_PwmCycleCallback  hall.o
    0x000039cc   0x000039cc   0x00000060   Code   RO          829    .text.Hall_RebuildElectricalAngle  hall.o
    0x00003a2c   0x00003a2c   0x00000098   Code   RO          823    .text.Hall_SetSectorBoundary  hall.o
    0x00003ac4   0x00003ac4   0x0000006a   Code   RO          827    .text.Hall_SyncStateFromHardware  hall.o
    0x00003b2e   0x00003b2e   0x00000002   PAD
    0x00003b30   0x00003b30   0x0000009c   Code   RO          821    .text.Hall_UpdateSpeedInfo  hall.o
    0x00003bcc   0x00003bcc   0x00000038   Code   RO          930    .text.HardFault_Handler  interrupt.o
    0x00003c04   0x00003c04   0x000000b8   Code   RO          651    .text.Hardware_init  hardware_init.o
    0x00003cbc   0x00003cbc   0x00000010   Code   RO          503    .text.IWDG_DISABLE  lks32mc07x_sys.o
    0x00003ccc   0x00003ccc   0x00000048   Code   RO          787    .text.LowPass_Filter_Init  foc.o
    0x00003d14   0x00003d14   0x0000002c   Code   RO          920    .text.MCPWM0_IRQHandler  interrupt.o
    0x00003d40   0x00003d40   0x0000005c   Code   RO          649    .text.MCPWM0_RegUpdate  hardware_init.o
    0x00003d9c   0x00003d9c   0x00000040   Code   RO          368    .text.MCPWM_ClearIRQFlag  lks32mc07x_mcpwm.o
    0x00003ddc   0x00003ddc   0x000000b4   Code   RO          370    .text.MCPWM_GetIRQFlag  lks32mc07x_mcpwm.o
    0x00003e90   0x00003e90   0x000006c4   Code   RO          364    .text.MCPWM_Init    lks32mc07x_mcpwm.o
    0x00004554   0x00004554   0x00000012   Code   RO          362    .text.MCPWM_StructInit  lks32mc07x_mcpwm.o
    0x00004566   0x00004566   0x00000002   PAD
    0x00004568   0x00004568   0x00000104   Code   RO          655    .text.MCPWM_init    hardware_init.o
    0x0000466c   0x0000466c   0x000000fc   Code   RO          902    .text.Motor_Block_Protect  multifunction.o
    0x00004768   0x00004768   0x000001b4   Code   RO          645    .text.OPAOut_OffsetCalibration  hardware_init.o
    0x0000491c   0x0000491c   0x00000190   Code   RO          396    .text.OPA_Init      lks32mc07x_opa.o
    0x00004aac   0x00004aac   0x00000018   Code   RO          398    .text.OPA_StructInit  lks32mc07x_opa.o
    0x00004ac4   0x00004ac4   0x0000004e   Code   RO          663    .text.PGA_init      hardware_init.o
    0x00004b12   0x00004b12   0x00000114   Code   RO          858    .text.PI_Controller  pid.o
    0x00004c26   0x00004c26   0x00000002   PAD
    0x00004c28   0x00004c28   0x0000005c   Code   RO          366    .text.PWMOutputs    lks32mc07x_mcpwm.o
    0x00004c84   0x00004c84   0x00000094   Code   RO          770    .text.Park          clark_park.o
    0x00004d18   0x00004d18   0x0000004c   Code   RO          976    .text.Read_Trim     lks32mc07x_nvr.lib(lks32mc07x_nvr.o16)
    0x00004d64   0x00004d64   0x0000008c   Code   RO          774    .text.RevPark_Circle_Limitation  clark_park.o
    0x00004df0   0x00004df0   0x00000074   Code   RO          772    .text.Rev_Park      clark_park.o
    0x00004e64   0x00004e64   0x000001b4   Code   RO          866    .text.SVPWM_2PH     svpwm.o
    0x00005018   0x00005018   0x00000038   Code   RO          481    .text.SYS_AnalogModuleClockCmd  lks32mc07x_sys.o
    0x00005050   0x00005050   0x00000044   Code   RO          479    .text.SYS_ModuleClockCmd  lks32mc07x_sys.o
    0x00005094   0x00005094   0x0000000c   Code   RO          491    .text.SYS_ReadMcuClk  lks32mc07x_sys.o
    0x000050a0   0x000050a0   0x00000024   Code   RO          641    .text.SoftDelay     hardware_init.o
    0x000050c4   0x000050c4   0x00000018   Code   RO          910    .text.SysInit       sysinit.o
    0x000050dc   0x000050dc   0x000001ac   Code   RO          961    .text.Sys_State_Machine  taskscheduler.o
    0x00005288   0x00005288   0x00000008   Code   RO          637    .text.SystemInit    hardware_init.o
    0x00005290   0x00005290   0x00000044   Code   RO          924    .text.TIMER0_IRQHandler  interrupt.o
    0x000052d4   0x000052d4   0x00000010   Code   RO          547    .text.TIM_ClearIRQFlag  lks32mc07x_tim.o
    0x000052e4   0x000052e4   0x00000030   Code   RO          549    .text.TIM_GetIRQFlag  lks32mc07x_tim.o
    0x00005314   0x00005314   0x00000030   Code   RO          535    .text.TIM_TimerCmd  lks32mc07x_tim.o
    0x00005344   0x00005344   0x00000160   Code   RO          533    .text.TIM_TimerInit  lks32mc07x_tim.o
    0x000054a4   0x000054a4   0x0000009e   Code   RO          537    .text.TIM_TimerStrutInit  lks32mc07x_tim.o
    0x00005542   0x00005542   0x00000002   PAD
    0x00005544   0x00005544   0x00000124   Code   RO          744    .text.TableCalcBusVolt  adccalc.o
    0x00005668   0x00005668   0x000000dc   Code   RO          766    .text.Trig_Functions  clark_park.o
    0x00005744   0x00005744   0x00000048   Code   RO          926    .text.UART1_IRQHandler  interrupt.o
    0x0000578c   0x0000578c   0x00000010   Code   RO          624    .text.UART_ClearIRQFlag  lks32mc07x_uart.o
    0x0000579c   0x0000579c   0x0000002a   Code   RO          622    .text.UART_GetIRQFlag  lks32mc07x_uart.o
    0x000057c6   0x000057c6   0x00000002   PAD
    0x000057c8   0x000057c8   0x000000e4   Code   RO          610    .text.UART_Init     lks32mc07x_uart.o
    0x000058ac   0x000058ac   0x00000030   Code   RO          614    .text.UART_ReadBaud  lks32mc07x_uart.o
    0x000058dc   0x000058dc   0x0000000c   Code   RO          620    .text.UART_ReadData  lks32mc07x_uart.o
    0x000058e8   0x000058e8   0x00000010   Code   RO          618    .text.UART_SendData  lks32mc07x_uart.o
    0x000058f8   0x000058f8   0x000000b4   Code   RO          612    .text.UART_SetBaud  lks32mc07x_uart.o
    0x000059ac   0x000059ac   0x0000003e   Code   RO          616    .text.UART_StructInit  lks32mc07x_uart.o
    0x000059ea   0x000059ea   0x00000002   PAD
    0x000059ec   0x000059ec   0x00000040   Code   RO          661    .text.UART_init     hardware_init.o
    0x00005a2c   0x00005a2c   0x0000004c   Code   RO          657    .text.UTimer_init   hardware_init.o
    0x00005a78   0x00005a78   0x0000002c   Code   RO          669    .text.__NVIC_EnableIRQ  hardware_init.o
    0x00005aa4   0x00005aa4   0x00000084   Code   RO          667    .text.__NVIC_SetPriority  hardware_init.o
    0x00005b28   0x00005b28   0x0000001c   Code   RO          932    .text.__NVIC_SystemReset  interrupt.o
    0x00005b44   0x00005b44   0x00000030   Code   RO          750    .text.adc_abs_s16   adccalc.o
    0x00005b74   0x00005b74   0x000000d8   Code   RO          746    .text.adc_table_to_volt  adccalc.o
    0x00005c4c   0x00005c4c   0x00000074   Code   RO          643    .text.currentCalcOffsetInit  hardware_init.o
    0x00005cc0   0x00005cc0   0x00000034   Code   RO          682    .text.led_blink     led.o
    0x00005cf4   0x00005cf4   0x0000000c   Code   RO          680    .text.led_off       led.o
    0x00005d00   0x00005d00   0x00000010   Code   RO          678    .text.led_on        led.o
    0x00005d10   0x00005d10   0x0000002c   Code   RO          785    .text.lowPass_filter  foc.o
    0x00005d3c   0x00005d3c   0x00000028   Code   RO          942    .text.main          main.o
    0x00005d64   0x00005d64   0x000000d4   Code   RO          742    .text.ntc_temperature_calc  adccalc.o
    0x00005e38   0x00005e38   0x0000000c   Code   RO          957    .text.task_10ms     taskscheduler.o
    0x00005e44   0x00005e44   0x00000014   Code   RO          953    .text.task_1ms      taskscheduler.o
    0x00005e58   0x00005e58   0x00000074   Code   RO          959    .text.task_500ms    taskscheduler.o
    0x00005ecc   0x00005ecc   0x00000002   Code   RO          955    .text.task_50ms     taskscheduler.o
    0x00005ece   0x00005ece   0x00000002   PAD
    0x00005ed0   0x00005ed0   0x00000088   Code   RO          951    .text.task_scheduler  taskscheduler.o
    0x00005f58   0x00005f58   0x00000054   Code   RO          701    .text.uart_1_dma_init  uart.o
    0x00005fac   0x00005fac   0x0000002c   Code   RO          705    .text.uart_1_dma_tx_irq_handler  uart.o
    0x00005fd8   0x00005fd8   0x00000032   Code   RO          699    .text.uart_1_printf  uart.o
    0x0000600a   0x0000600a   0x00000002   PAD
    0x0000600c   0x0000600c   0x0000011c   Code   RO          707    .text.uart_1_send_buffer_dma  uart.o
    0x00006128   0x00006128   0x00000030   Code   RO          693    .text.uart_1_send_byte  uart.o
    0x00006158   0x00006158   0x00000024   Code   RO          695    .text.uart_1_send_string  uart.o
    0x0000617c   0x0000617c   0x00000058   Code   RO          711    .text.uart_send_bw_test_data_csv  uart.o
    0x000061d4   0x000061d4   0x000000c6   Code   RO          725    .text.vofa_justfloat_printf  vofa.o
    0x0000629a   0x0000629a   0x00000002   PAD
    0x0000629c   0x0000629c   0x00000018   Code   RO          729    .text.vofa_pack_and_send  vofa.o
    0x000062b4   0x000062b4   0x0000002c   Code   RO         1280    i.__ARM_fpclassify  m_ps.l(fpclassify.o)
    0x000062e0   0x000062e0   0x00000080   Code   RO         1159    i.__funder_d        g_ps.l(funder.o)
    0x00006360   0x00006360   0x0000000e   Code   RO         1171    i.__mathlib_flt_divzero  m_ps.l(funder.o)
    0x0000636e   0x0000636e   0x0000000a   Code   RO         1172    i.__mathlib_flt_infnan  m_ps.l(funder.o)
    0x00006378   0x00006378   0x0000000c   Code   RO         1174    i.__mathlib_flt_invalid  m_ps.l(funder.o)
    0x00006384   0x00006384   0x0000001a   Code   RO         1012    i._fleq             g_ps.l(fcmp.o)
    0x0000639e   0x0000639e   0x00000016   Code   RO         1013    i._fls              g_ps.l(fcmp.o)
    0x000063b4   0x000063b4   0x0000000e   Code   RO         1111    i._is_digit         c_p.l(__printf_wp.o)
    0x000063c2   0x000063c2   0x00000002   PAD
    0x000063c4   0x000063c4   0x0000017c   Code   RO         1037    i.logf              m_ps.l(logf.o)
    0x00006540   0x00006540   0x0000002c   Code   RO         1264    locale$$code        c_p.l(lc_numeric_c.o)
    0x0000656c   0x0000656c   0x0000002c   Code   RO         1290    locale$$code        c_p.l(lc_ctype_c.o)
    0x00006598   0x00006598   0x0000018c   Code   RO          997    x$fpl$fadd          g_ps.l(faddsub.o)
    0x00006724   0x00006724   0x00000050   Code   RO         1150    x$fpl$fleqf         g_ps.l(flef.o)
    0x00006774   0x00006774   0x0000018c   Code   RO         1034    x$fpl$fmul          g_ps.l(fmul.o)
    0x00006900   0x00006900   0x000001cc   Code   RO          999    x$fpl$fsub          g_ps.l(faddsub.o)
    0x00006acc   0x00006acc   0x00000010   Code   RO         1162    x$fpl$printf1       g_ps.l(printf1.o)
    0x00006adc   0x00006adc   0x00000010   Code   RO         1164    x$fpl$printf2       g_ps.l(printf2.o)
    0x00006aec   0x00006aec   0x00000000   Code   RO         1170    x$fpl$usenofp       g_ps.l(usenofp.o)
    0x00006aec   0x00006aec   0x00000040   Data   RO         1028    .constdata          g_ps.l(fdiv.o)
    0x00006b2c   0x00006b2c   0x00000040   Data   RO         1038    .constdata          m_ps.l(logf.o)
    0x00006b6c   0x00006b6c   0x00000008   Data   RO         1070    .constdata          c_p.l(_printf_wctomb.o)
    0x00006b74   0x00006b74   0x00000028   Data   RO         1099    .constdata          c_p.l(_printf_hex_int_ll_ptr.o)
    0x00006b9c   0x00006b9c   0x00000011   Data   RO         1119    .constdata          c_p.l(__printf_flags_ss_wp.o)
    0x00006bad   0x00006bad   0x00000026   Data   RO         1221    .constdata          c_p.l(_printf_fp_hex.o)
    0x00006bd3   0x00006bd3   0x00000001   PAD
    0x00006bd4   0x00006bd4   0x00000082   Data   RO          777    .rodata.circle_limit_table  clark_park.o
    0x00006c56   0x00006c56   0x00000200   Data   RO          776    .rodata.hSin_Cos_Table  clark_park.o
    0x00006e56   0x00006e56   0x000000ac   Data   RO          752    .rodata.my_volt_table  adccalc.o
    0x00006f02   0x00006f02   0x00000010   Data   RO          838    .rodata.s_hall_sector_center_angle  hall.o
    0x00006f12   0x00006f12   0x00000010   Data   RO          836    .rodata.s_hall_sector_enter_angle_ccw  hall.o
    0x00006f22   0x00006f22   0x00000010   Data   RO          837    .rodata.s_hall_sector_enter_angle_cw  hall.o
    0x00006f32   0x00006f32   0x00000008   Data   RO          835    .rodata.s_hall_step_table_cw  hall.o
    0x00006f3a   0x00006f3a   0x00000099   Data   RO          715    .rodata.str1.1      uart.o
    0x00006fd3   0x00006fd3   0x00000001   PAD
    0x00006fd4   0x00006fd4   0x00000020   Data   RO         1425    Region$$Table       anon$$obj.o
    0x00006ff4   0x00006ff4   0x0000001c   Data   RO         1263    locale$$data        c_p.l(lc_numeric_c.o)
    0x00007010   0x00007010   0x00000110   Data   RO         1289    locale$$data        c_p.l(lc_ctype_c.o)


    Execution Region RW_IRAM1 (Exec base: 0x20000000, Load base: 0x00007120, Size: 0x00000d08, Max: 0x00003000, ABSOLUTE)

    Exec Addr    Load Addr    Size         Type   Attr      Idx    E Section Name        Object

    0x20000000   0x00007120   0x00000004   Data   RW          525    .data.sys_clk       lks32mc07x_sys.o
    0x20000004   0x00007124   0x00000004   PAD
    0x20000008        -       0x00000060   Zero   RW         1186    .bss                c_p.l(libspace.o)
    0x20000068        -       0x00000002   Zero   RW          965    .bss.Sys_State_Machine.zeroMechSpeedRpmCounts  taskscheduler.o
    0x2000006a        -       0x00000010   Zero   RW          754    .bss.TableCalcBusVolt.adc_buf  adccalc.o
    0x2000007a        -       0x00000001   Zero   RW          755    .bss.TableCalcBusVolt.idx  adccalc.o
    0x2000007b   0x00007124   0x00000001   PAD
    0x2000007c        -       0x00000002   Zero   RW          756    .bss.TableCalcBusVolt.km_delay_cnt  adccalc.o
    0x2000007e        -       0x0000000a   Zero   RW          753    .bss.adcRawValue    adccalc.o
    0x20000088        -       0x00000406   Zero   RW          797    .bss.cur_bw_test    foc.o
    0x2000048e   0x00007124   0x00000002   PAD
    0x20000490        -       0x0000002c   Zero   RW          893    .bss.gAdcObj        globalvariable.o
    0x200004bc        -       0x00000050   Zero   RW          894    .bss.gStructHallProcess  globalvariable.o
    0x2000050c        -       0x00000001   Zero   RW          964    .bss.gTrig8         taskscheduler.o
    0x2000050d   0x00007124   0x00000003   PAD
    0x20000510        -       0x00000014   Zero   RW          963    .bss.g_task_scheduler  taskscheduler.o
    0x20000524        -       0x00000100   Zero   RW          713    .bss.g_uart1_dma_tx_buffer  uart.o
    0x20000624        -       0x00000001   Zero   RW          714    .bss.g_uart1_dma_tx_busy  uart.o
    0x20000625   0x00007124   0x00000001   PAD
    0x20000626        -       0x00000002   Zero   RW          684    .bss.led_blink.led_cnt  led.o
    0x20000628        -       0x00000001   Zero   RW          685    .bss.led_blink.led_state  led.o
    0x20000629        -       0x00000001   Zero   RW          402    .bss.maxmagflg      lks32mc07x_opa.o
    0x2000062a   0x00007124   0x00000002   PAD
    0x2000062c        -       0x00000004   Zero   RW          757    .bss.ntc_temp       adccalc.o
    0x20000630        -       0x00000004   Zero   RW          883    .bss.speed_loop_integral_acc  speedloop.o
    0x20000634        -       0x00000008   Zero   RW          798    .bss.struCurrU_RC   foc.o
    0x2000063c        -       0x00000008   Zero   RW          799    .bss.struCurrV_RC   foc.o
    0x20000644        -       0x00000008   Zero   RW          800    .bss.struCurrW_RC   foc.o
    0x2000064c        -       0x0000007c   Zero   RW          895    .bss.struFOC_CtrProc  globalvariable.o
    0x200006c8        -       0x00000008   Zero   RW          885    .bss.struSpeedFeedback_RC  speedloop.o
    0x200006d0        -       0x00000008   Zero   RW          884    .bss.struSpeedLoopOutput_RC  speedloop.o
    0x200006d8        -       0x00000004   Zero   RW          896    .bss.stru_motorcomprehensive  globalvariable.o
    0x200006dc        -       0x00000001   Zero   RW          934    .bss.uart1_buff     interrupt.o
    0x200006dd   0x00007124   0x00000003   PAD
    0x200006e0        -       0x00000024   Zero   RW          733    .bss.vofa_justfloat_data  vofa.o
    0x20000704   0x00007124   0x00000004   PAD
    0x20000708        -       0x00000200   Zero   RW            2    HEAP                startup_lks32mc07x.o
    0x20000908        -       0x00000400   Zero   RW            1    STACK               startup_lks32mc07x.o


==============================================================================

Image component sizes


      Code (inc. data)   RO Data    RW Data    ZI Data      Debug   Object Name

      1176        104        172          0         33       4643   adccalc.o
       712         16        642          0          0       4123   clark_park.o
      1000         96          0          0       1054       4238   foc.o
         0          0          0          0        252       3731   globalvariable.o
      1484         36         56          0          0       5455   hall.o
      2314        160          0          0          0      16675   hardware_init.o
       376         48          0          0          1       4172   interrupt.o
        80         12          0          0          3       1390   led.o
       920         64          0          0          0       4591   lks32mc07x_adc.o
       382         28          0          0          0       3879   lks32mc07x_dma.o
        12          0          0          0          0       3962   lks32mc07x_dsp.o
       834         96          0          0          0       4119   lks32mc07x_gpio.o
       222         16          0          0          0       2825   lks32mc07x_hall.o
      2086        220          0          0          0      13001   lks32mc07x_mcpwm.o
       424         20          0          0          1       2042   lks32mc07x_opa.o
       152         24          0          4          0       8846   lks32mc07x_sys.o
       622         16          0          0          0       5009   lks32mc07x_tim.o
       604         32          0          0          0       4308   lks32mc07x_uart.o
        40          4          0          0          0        690   main.o
       252         20          0          0          0        817   multifunction.o
       276          0          0          0          0       1577   pid.o
         0          0          0          0         20       3155   speedloop.o
        68         32        192          0       1536        768   startup_lks32mc07x.o
       436         28          0          0          0       3901   svpwm.o
        24          0          0          0          0        426   sysinit.o
       714         88          0          0         23       3578   taskscheduler.o
       634         56        153          0        257       4359   uart.o
       222          8          0          0         36       2115   vofa.o

    ----------------------------------------------------------------------
     16092       1224       1248          4       3236     118395   Object Totals
         0          0         32          0          0          0   (incl. Generated)
        26          0          1          0         20          0   (incl. Padding)

    ----------------------------------------------------------------------

      Code (inc. data)   RO Data    RW Data    ZI Data      Debug   Library Member Name

         8          0          0          0          0         68   __main.o
       392          6         17          0          0         76   __printf_flags_ss_wp.o
        14          0          0          0          0         60   __printf_wp.o
         0          0          0          0          0          0   __rtentry.o
        12          0          0          0          0          0   __rtentry2.o
         6          0          0          0          0          0   __rtentry4.o
        86         10          0          0          0          0   __scatter.o
        26          0          0          0          0          0   __scatter_copy.o
        28          0          0          0          0          0   __scatter_zi.o
        66          0          0          0          0         76   _c16rtomb.o
        52          6          0          0          0         76   _fptrap.o
        10          0          0          0          0          0   _printf_a.o
        10          0          0          0          0          0   _printf_c.o
        46          0          0          0          0        100   _printf_char.o
        48          6          0          0          0         88   _printf_char_common.o
        38          0          0          0          0         60   _printf_charcount.o
        10          0          0          0          0          0   _printf_d.o
       108         18          0          0          0         76   _printf_dec.o
        10          0          0          0          0          0   _printf_e.o
        10          0          0          0          0          0   _printf_f.o
       844         10          0          0          0        120   _printf_fp_dec_accurate.o
       728         10         38          0          0         84   _printf_fp_hex.o
       136         16          0          0          0         76   _printf_fp_infnan.o
        10          0          0          0          0          0   _printf_g.o
       152          4         40          0          0        148   _printf_hex_int_ll_ptr.o
        10          0          0          0          0          0   _printf_i.o
       176          0          0          0          0         84   _printf_intcommon.o
        10          0          0          0          0          0   _printf_l.o
        10          0          0          0          0          0   _printf_lc.o
        10          0          0          0          0          0   _printf_ll.o
        10          0          0          0          0          0   _printf_lld.o
        10          0          0          0          0          0   _printf_lli.o
        10          0          0          0          0          0   _printf_llo.o
        10          0          0          0          0          0   _printf_llu.o
        10          0          0          0          0          0   _printf_llx.o
       112         18          0          0          0         76   _printf_longlong_dec.o
        10          0          0          0          0          0   _printf_ls.o
        10          0          0          0          0          0   _printf_n.o
        10          0          0          0          0          0   _printf_o.o
       112         10          0          0          0        112   _printf_oct_int_ll.o
        10          0          0          0          0          0   _printf_p.o
        78          0          0          0          0        100   _printf_pad.o
         2          0          0          0          0          0   _printf_percent.o
         4          0          0          0          0          0   _printf_percent_end.o
        10          0          0          0          0          0   _printf_s.o
        82          0          0          0          0         72   _printf_str.o
        36          0          0          0          0         76   _printf_truncate.o
        10          0          0          0          0          0   _printf_u.o
        46          0          0          0          0        100   _printf_wchar.o
       188          6          8          0          0         80   _printf_wctomb.o
        10          0          0          0          0          0   _printf_x.o
        22          0          0          0          0         92   _rserrno.o
        16          0          0          0          0         60   _snputc.o
       364          4          0          0          0         92   aeabi_sdiv.o
       406          0          0          0          0         84   btod_accurate.o
       832         14          0          0          0        200   btod_accurate_common.o
        12          0          0          0          0         68   defsig_exit.o
       172        110          0          0          0         68   defsig_fpe_inner.o
        12          0          0          0          0         68   defsig_fpe_outer.o
        52          0          0          0          0         72   defsig_general.o
        16          0          0          0          0         68   exit.o
         6          0          0          0          0        136   heapauxi.o
         0          0          0          0          0          0   indicate_semi.o
        44         10        272          0          0         76   lc_ctype_c.o
        44         10         28          0          0         76   lc_numeric_c.o
         2          0          0          0          0          0   libinit.o
        34          0          0          0          0          0   libinit2.o
         2          0          0          0          0          0   libshutdown.o
         2          0          0          0          0          0   libshutdown2.o
         8          4          0          0         96         68   libspace.o
        48          0          0          0          0         72   llmul.o
       122          0          0          0          0         72   lludiv10.o
        34          0          0          0          0         68   llushr.o
        16          4          0          0          0         76   rt_ctype_table.o
         8          4          0          0          0         68   rt_errno_addr_intlibspace.o
         8          4          0          0          0         68   rt_fp_status_addr_intlibspace.o
         8          4          0          0          0         68   rt_locale_intlibspace.o
        64          0          0          0          0        108   rt_memclr.o
       186          0          0          0          0        144   rt_memcpy.o
         2          0          0          0          0          0   rtexit.o
        10          0          0          0          0          0   rtexit2.o
        40          0          0          0          0         60   rtudiv10.o
       136          4          0          0          0         72   strcmp.o
        12          4          0          0          0         60   sys_exit.o
        62          0          0          0          0         80   sys_stackheap_outer.o
        12          0          0          0          0         68   sys_wrch.o
         2          0          0          0          0         68   use_no_semi.o
        60          4          0          0          0         72   vsnprintf.o
        52          0          0          0          0         60   cmpret.o
       420         22          0          0          0         88   except.o
       856         28          0          0          0        200   faddsub.o
        48          0          0          0          0        136   fcmp.o
       100          4          0          0          0         72   fcmpin.o
       480         22         64          0          0        100   fdiv.o
       128         12          0          0          0         76   ffixi.o
       160          6          0          0          0        108   fflti.o
        80          4          0          0          0         76   flef.o
       396         16          0          0          0        124   fmul.o
        46          0          0          0          0         72   fnan.o
        60          0          0          0          0         76   fnan2.o
       152         12          0          0          0         76   fnorm2.o
        12          0          0          0          0         68   fpinit.o
       212         12          0          0          0         72   fscalbn.o
       382          6          0          0          0        148   funder.o
        36          6          0          0          0         72   ieee_status.o
        16          4          0          0          0         76   printf1.o
        16          4          0          0          0         76   printf2.o
       152          4          0          0          0         68   retnan.o
         0          0          0          0          0          0   usenofp.o
        76         16          0          0          0          0   lks32mc07x_nvr.o16
        44          4          0          0          0         60   fpclassify.o
        36          0          0          0          0        204   funder.o
       380         42         64          0          0         76   logf.o

    ----------------------------------------------------------------------
     11088        524        532          0         96       6444   Library Totals
        26          0          1          0          0          0   (incl. Padding)

    ----------------------------------------------------------------------

      Code (inc. data)   RO Data    RW Data    ZI Data      Debug   Library Name

      6722        300        403          0         96       4260   c_p.l
      3804        162         64          0          0       1844   g_ps.l
        76         16          0          0          0          0   lks32mc07x_nvr.lib
       460         46         64          0          0        340   m_ps.l

    ----------------------------------------------------------------------
     11088        524        532          0         96       6444   Library Totals

    ----------------------------------------------------------------------

==============================================================================


      Code (inc. data)   RO Data    RW Data    ZI Data      Debug   

     27180       1748       1780          4       3332     121011   Grand Totals
     27180       1748       1780          4       3332     121011   ELF Image Totals
     27180       1748       1780          4          0          0   ROM Totals

==============================================================================

    Total RO  Size (Code + RO Data)                28960 (  28.28kB)
    Total RW  Size (RW Data + ZI Data)              3336 (   3.26kB)
    Total ROM Size (Code + RO Data + RW Data)      28964 (  28.29kB)

==============================================================================

