<html>
<body>
<pre>
<h1>µVision Build Log</h1>
<h2>Tool Versions:</h2>
IDE-Version: ¦ÌVision V5.42.0.0
Copyright (C) 2025 ARM Ltd and ARM Germany GmbH. All rights reserved.
License Information: KH D, JD, LIC=Q7GU5-G6QQP-5BGEB-2RQ00-PC1LW-ZQJ28
 
Tool Versions:
Toolchain:       MDK-ARM Professional  Version: 5.42.0.0
Toolchain Path:  D:\Program\Keil_v5\ARM\ARMCLANG\Bin
C Compiler:      ArmClang.exe V6.23
Assembler:       Armasm.exe V6.23
Linker/Locator:  ArmLink.exe V6.23
Library Manager: ArmAr.exe V6.23
Hex Converter:   FromElf.exe V6.23
CPU DLL:         SARMCM3.DLL V5.42.0.0
Dialog DLL:      DARMCM1.DLL V1.19.6.0
Target DLL:      Segger\JL2CM3.dll V2.99.45.0
Dialog DLL:      TARMCM1.DLL V1.14.6.0
 
<h2>Project:</h2>
D:\0_DKH\00_Project\#My_Workspace\TreadmillMotorFocCtrl_LKS32MC071_220V_Keil_V1.4\MDK-ARM\LK_StdPeriph.uvprojx
Project File Date:  06/24/2026

<h2>Output:</h2>
*** Using Compiler 'V6.23', folder: 'D:\Program\Keil_v5\ARM\ARMCLANG\Bin'
Rebuild target 'Linko 07x Project'
assembling startup_lks32mc07x.s...
compiling lks32mc07x_can.c...
compiling lks32mc07x_exti.c...
compiling lks32mc07x_clu.c...
compiling lks32mc07x_crc.c...
compiling lks32mc07x_dac.c...
compiling lks32mc07x_dsp.c...
compiling lks32MC07x_flash.c...
compiling lks32mc07x_cmp.c...
compiling lks32mc07x_gpio.c...
compiling lks32mc07x_dma.c...
compiling lks32mc07x_adc.c...
compiling lks32mc07x_hall.c...
compiling lks32mc07x_i2c.c...
compiling lks32mc07x_opa.c...
compiling lks32mc07x_qep.c...
compiling lks32mc07x_mcpwm.c...
compiling lks32mc07x_tim.c...
compiling lks32mc07x_spi.c...
compiling lks32mc07x_sys.c...
compiling lks32mc07x_wake.c...
compiling lks32mc07x_sif.c...
compiling lks32mc07x_tmp.c...
compiling lks32mc07x_uart.c...
compiling hardware_init.c...
compiling led.c...
compiling uart.c...
compiling vofa.c...
compiling Clark_Park.c...
compiling PID.c...
compiling Svpwm.c...
compiling MotShuntSample.c...
compiling Foc.c...
compiling Hall.c...
compiling AdcCalc.c...
compiling Speedloop.c...
compiling GlobalVariable.c...
compiling Multifunction.c...
compiling SysInit.c...
compiling interrupt.c...
compiling main.c...
compiling TaskScheduler.c...
linking...
Program Size: Code=27180 RO-data=1780 RW-data=4 ZI-data=3332  
FromELF: creating hex file...
".\Objects\LK_StdPeriph.axf" - 0 Error(s), 0 Warning(s).

<h2>Software Packages used:</h2>

Package Vendor: ARM
                https://www.keil.com/pack/ARM.CMSIS.6.3.0.pack
                ARM::CMSIS@6.3.0
                CMSIS (Common Microcontroller Software Interface Standard)
   * Component: CORE Version: 6.2.0

Package Vendor: Linko
                https://www.lksmcu.com/index.php/LKS07Series/Linko.LKS07x.1.2.0.pack
                Linko::LKS07x@1.2.0
                LKS07 Device Family Pack

<h2>Collection of Component include folders:</h2>
  ./RTE/_Linko_07x_Project
  D:/Program/Arm/Packs/ARM/CMSIS/6.3.0/CMSIS/Core/Include
  D:/Program/Arm/Packs/Linko/LKS07x/1.2.0/Device/Include

<h2>Collection of Component Files used:</h2>

   * Component: ARM::CMSIS:CORE@6.2.0
Build Time Elapsed:  00:00:03
</pre>
</body>
</html>
